2025-10-30T12:00:44.320619Z  INFO tailwindcss_oxide::scanner: Provided sources:
2025-10-30T12:00:44.321197Z  INFO tailwindcss_oxide::scanner: Source: PublicSourceEntry { base: "/Users/salscodes/vkm/catfish-landing", pattern: "**/*", negated: false }
2025-10-30T12:00:44.321320Z  INFO tailwindcss_oxide::scanner: Optimized sources:
2025-10-30T12:00:44.321335Z  INFO tailwindcss_oxide::scanner: Source: Auto { base: "/Users/salscodes/vkm/catfish-landing" }
2025-10-30T12:00:44.331575Z  INFO get_files: tailwindcss_oxide::scanner: enter
2025-10-30T12:00:44.331622Z  INFO get_files:scan_sources: tailwindcss_oxide::scanner: enter
2025-10-30T12:00:44.335628Z  INFO get_files:scan_sources: tailwindcss_oxide::scanner: Discovering "/Users/salscodes/vkm/catfish-landing/tailwind.config.js"
2025-10-30T12:00:44.335742Z  INFO get_files:scan_sources: tailwindcss_oxide::scanner: Discovering "/Users/salscodes/vkm/catfish-landing/app"
2025-10-30T12:00:44.335872Z  INFO get_files:scan_sources: tailwindcss_oxide::scanner: Discovering "/Users/salscodes/vkm/catfish-landing/app/(main)"
2025-10-30T12:00:44.335962Z  INFO get_files:scan_sources: tailwindcss_oxide::scanner: Discovering "/Users/salscodes/vkm/catfish-landing/app/(main)/layout.tsx"
2025-10-30T12:00:44.335999Z  INFO get_files:scan_sources: tailwindcss_oxide::scanner: Discovering "/Users/salscodes/vkm/catfish-landing/app/(main)/page.tsx"
2025-10-30T12:00:44.336049Z  INFO get_files:scan_sources: tailwindcss_oxide::scanner: Discovering "/Users/salscodes/vkm/catfish-landing/app/globals.css"
2025-10-30T12:00:44.336098Z  INFO get_files:scan_sources: tailwindcss_oxide::scanner: Discovering "/Users/salscodes/vkm/catfish-landing/postcss.config.mjs"
2025-10-30T12:00:44.336208Z  INFO get_files:scan_sources: tailwindcss_oxide::scanner: Discovering "/Users/salscodes/vkm/catfish-landing/utils.ts"
2025-10-30T12:00:44.336320Z  INFO get_files:scan_sources: tailwindcss_oxide::scanner: Discovering "/Users/salscodes/vkm/catfish-landing/README.md"
2025-10-30T12:00:44.336532Z  INFO get_files:scan_sources: tailwindcss_oxide::scanner: Discovering "/Users/salscodes/vkm/catfish-landing/components"
2025-10-30T12:00:44.336679Z  INFO get_files:scan_sources: tailwindcss_oxide::scanner: Discovering "/Users/salscodes/vkm/catfish-landing/components/shared"
2025-10-30T12:00:44.336808Z  INFO get_files:scan_sources: tailwindcss_oxide::scanner: Discovering "/Users/salscodes/vkm/catfish-landing/components/shared/navbar.tsx"
2025-10-30T12:00:44.336856Z  INFO get_files:scan_sources: tailwindcss_oxide::scanner: Discovering "/Users/salscodes/vkm/catfish-landing/components/shared/footer.tsx"
2025-10-30T12:00:44.336932Z  INFO get_files:scan_sources: tailwindcss_oxide::scanner: Discovering "/Users/salscodes/vkm/catfish-landing/components/layouts"
2025-10-30T12:00:44.337212Z  INFO get_files:scan_sources: tailwindcss_oxide::scanner: Discovering "/Users/salscodes/vkm/catfish-landing/components/layouts/flex-box.tsx"
2025-10-30T12:00:44.337308Z  INFO get_files:scan_sources: tailwindcss_oxide::scanner: Discovering "/Users/salscodes/vkm/catfish-landing/public"
2025-10-30T12:00:44.337839Z  INFO get_files:scan_sources: tailwindcss_oxide::scanner: Discovering "/Users/salscodes/vkm/catfish-landing/public/file.svg"
2025-10-30T12:00:44.338309Z  INFO get_files:scan_sources: tailwindcss_oxide::scanner: Discovering "/Users/salscodes/vkm/catfish-landing/public/vercel.svg"
2025-10-30T12:00:44.338352Z  INFO get_files:scan_sources: tailwindcss_oxide::scanner: Discovering "/Users/salscodes/vkm/catfish-landing/public/next.svg"
2025-10-30T12:00:44.338384Z  INFO get_files:scan_sources: tailwindcss_oxide::scanner: Discovering "/Users/salscodes/vkm/catfish-landing/public/globe.svg"
2025-10-30T12:00:44.339201Z  INFO get_files:scan_sources: tailwindcss_oxide::scanner: Discovering "/Users/salscodes/vkm/catfish-landing/public/assets"
2025-10-30T12:00:44.339374Z  INFO get_files:scan_sources: tailwindcss_oxide::scanner: Discovering "/Users/salscodes/vkm/catfish-landing/public/assets/logo.svg"
2025-10-30T12:00:44.339442Z  INFO get_files:scan_sources: tailwindcss_oxide::scanner: Discovering "/Users/salscodes/vkm/catfish-landing/public/window.svg"
2025-10-30T12:00:44.343338Z  INFO get_files:scan_sources: tailwindcss_oxide::scanner: Discovering "/Users/salscodes/vkm/catfish-landing/package.json"
2025-10-30T12:00:44.343458Z  INFO get_files:scan_sources: tailwindcss_oxide::scanner: Discovering "/Users/salscodes/vkm/catfish-landing/lib"
2025-10-30T12:00:44.343575Z  INFO get_files:scan_sources: tailwindcss_oxide::scanner: Discovering "/Users/salscodes/vkm/catfish-landing/tsconfig.json"
2025-10-30T12:00:44.343698Z  INFO get_files:scan_sources: tailwindcss_oxide::scanner: Discovering "/Users/salscodes/vkm/catfish-landing/.vscode"
2025-10-30T12:00:44.343819Z  INFO get_files:scan_sources: tailwindcss_oxide::scanner: Discovering "/Users/salscodes/vkm/catfish-landing/.vscode/settings.json"
2025-10-30T12:00:44.344058Z  INFO get_files:scan_sources: tailwindcss_oxide::scanner: Discovering "/Users/salscodes/vkm/catfish-landing/eslint.config.mjs"
2025-10-30T12:00:44.344110Z  INFO get_files:scan_sources: tailwindcss_oxide::scanner: Discovering "/Users/salscodes/vkm/catfish-landing/next.config.ts"
2025-10-30T12:00:44.344208Z  INFO get_files:scan_sources: tailwindcss_oxide::scanner: exit
2025-10-30T12:00:44.348802Z  INFO get_files: tailwindcss_oxide::scanner: exit
2025-10-30T12:00:44.348943Z  INFO get_globs: tailwindcss_oxide::scanner: enter
2025-10-30T12:00:44.348961Z  INFO get_globs:scan_sources: tailwindcss_oxide::scanner: enter
2025-10-30T12:00:44.353173Z  INFO get_globs:scan_sources: tailwindcss_oxide::scanner: Discovering "/Users/salscodes/vkm/catfish-landing/app"
2025-10-30T12:00:44.353310Z  INFO get_globs:scan_sources: tailwindcss_oxide::scanner: Discovering "/Users/salscodes/vkm/catfish-landing/app/(main)"
2025-10-30T12:00:44.354308Z  INFO get_globs:scan_sources: tailwindcss_oxide::scanner: Discovering "/Users/salscodes/vkm/catfish-landing/components"
2025-10-30T12:00:44.354740Z  INFO get_globs:scan_sources: tailwindcss_oxide::scanner: Discovering "/Users/salscodes/vkm/catfish-landing/components/shared"
2025-10-30T12:00:44.354992Z  INFO get_globs:scan_sources: tailwindcss_oxide::scanner: Discovering "/Users/salscodes/vkm/catfish-landing/components/layouts"
2025-10-30T12:00:44.355108Z  INFO get_globs:scan_sources: tailwindcss_oxide::scanner: Discovering "/Users/salscodes/vkm/catfish-landing/public"
2025-10-30T12:00:44.355263Z  INFO get_globs:scan_sources: tailwindcss_oxide::scanner: Discovering "/Users/salscodes/vkm/catfish-landing/public/assets"
2025-10-30T12:00:44.356403Z  INFO get_globs:scan_sources: tailwindcss_oxide::scanner: Discovering "/Users/salscodes/vkm/catfish-landing/lib"
2025-10-30T12:00:44.356638Z  INFO get_globs:scan_sources: tailwindcss_oxide::scanner: Discovering "/Users/salscodes/vkm/catfish-landing/.vscode"
2025-10-30T12:00:44.356789Z  INFO get_globs:scan_sources: tailwindcss_oxide::scanner: exit
2025-10-30T12:00:44.368263Z  INFO get_globs: tailwindcss_oxide::scanner: exit
