2025-10-27T08:57:34.335057Z  INFO tailwindcss_oxide::scanner: Provided sources:
2025-10-27T08:57:34.335508Z  INFO tailwindcss_oxide::scanner: Source: PublicSourceEntry { base: "/Users/salscodes/vkm/catfish-landing", pattern: "**/*", negated: false }
2025-10-27T08:57:34.337220Z  INFO tailwindcss_oxide::scanner: Optimized sources:
2025-10-27T08:57:34.337253Z  INFO tailwindcss_oxide::scanner: Source: Auto { base: "/Users/salscodes/vkm/catfish-landing" }
2025-10-27T08:57:34.347545Z  INFO get_files: tailwindcss_oxide::scanner: enter
2025-10-27T08:57:34.347587Z  INFO get_files:scan_sources: tailwindcss_oxide::scanner: enter
2025-10-27T08:57:34.356809Z  INFO get_files:scan_sources: tailwindcss_oxide::scanner: Discovering "/Users/salscodes/vkm/catfish-landing/app"
2025-10-27T08:57:34.356983Z  INFO get_files:scan_sources: tailwindcss_oxide::scanner: Discovering "/Users/salscodes/vkm/catfish-landing/app/shared"
2025-10-27T08:57:34.357056Z  INFO get_files:scan_sources: tailwindcss_oxide::scanner: Discovering "/Users/salscodes/vkm/catfish-landing/app/shared/navbar.tsx"
2025-10-27T08:57:34.358104Z  INFO get_files:scan_sources: tailwindcss_oxide::scanner: Discovering "/Users/salscodes/vkm/catfish-landing/app/layout.tsx"
2025-10-27T08:57:34.358161Z  INFO get_files:scan_sources: tailwindcss_oxide::scanner: Discovering "/Users/salscodes/vkm/catfish-landing/app/page.tsx"
2025-10-27T08:57:34.358191Z  INFO get_files:scan_sources: tailwindcss_oxide::scanner: Discovering "/Users/salscodes/vkm/catfish-landing/app/globals.css"
2025-10-27T08:57:34.358234Z  INFO get_files:scan_sources: tailwindcss_oxide::scanner: Discovering "/Users/salscodes/vkm/catfish-landing/postcss.config.mjs"
2025-10-27T08:57:34.358491Z  INFO get_files:scan_sources: tailwindcss_oxide::scanner: Discovering "/Users/salscodes/vkm/catfish-landing/README.md"
2025-10-27T08:57:34.358566Z  INFO get_files:scan_sources: tailwindcss_oxide::scanner: Discovering "/Users/salscodes/vkm/catfish-landing/public"
2025-10-27T08:57:34.358629Z  INFO get_files:scan_sources: tailwindcss_oxide::scanner: Discovering "/Users/salscodes/vkm/catfish-landing/public/file.svg"
2025-10-27T08:57:34.358671Z  INFO get_files:scan_sources: tailwindcss_oxide::scanner: Discovering "/Users/salscodes/vkm/catfish-landing/public/vercel.svg"
2025-10-27T08:57:34.358701Z  INFO get_files:scan_sources: tailwindcss_oxide::scanner: Discovering "/Users/salscodes/vkm/catfish-landing/public/next.svg"
2025-10-27T08:57:34.358725Z  INFO get_files:scan_sources: tailwindcss_oxide::scanner: Discovering "/Users/salscodes/vkm/catfish-landing/public/globe.svg"
2025-10-27T08:57:34.358749Z  INFO get_files:scan_sources: tailwindcss_oxide::scanner: Discovering "/Users/salscodes/vkm/catfish-landing/public/window.svg"
2025-10-27T08:57:34.358806Z  INFO get_files:scan_sources: tailwindcss_oxide::scanner: Discovering "/Users/salscodes/vkm/catfish-landing/package.json"
2025-10-27T08:57:34.358836Z  INFO get_files:scan_sources: tailwindcss_oxide::scanner: Discovering "/Users/salscodes/vkm/catfish-landing/tsconfig.json"
2025-10-27T08:57:34.358871Z  INFO get_files:scan_sources: tailwindcss_oxide::scanner: Discovering "/Users/salscodes/vkm/catfish-landing/eslint.config.mjs"
2025-10-27T08:57:34.358912Z  INFO get_files:scan_sources: tailwindcss_oxide::scanner: Discovering "/Users/salscodes/vkm/catfish-landing/next.config.ts"
2025-10-27T08:57:34.359276Z  INFO get_files:scan_sources: tailwindcss_oxide::scanner: exit
2025-10-27T08:57:34.362104Z  INFO get_files: tailwindcss_oxide::scanner: exit
2025-10-27T08:57:34.362178Z  INFO get_globs: tailwindcss_oxide::scanner: enter
2025-10-27T08:57:34.362192Z  INFO get_globs:scan_sources: tailwindcss_oxide::scanner: enter
2025-10-27T08:57:34.363211Z  INFO get_globs:scan_sources: tailwindcss_oxide::scanner: Discovering "/Users/salscodes/vkm/catfish-landing/app"
2025-10-27T08:57:34.363411Z  INFO get_globs:scan_sources: tailwindcss_oxide::scanner: Discovering "/Users/salscodes/vkm/catfish-landing/app/shared"
2025-10-27T08:57:34.363695Z  INFO get_globs:scan_sources: tailwindcss_oxide::scanner: Discovering "/Users/salscodes/vkm/catfish-landing/public"
2025-10-27T08:57:34.364098Z  INFO get_globs:scan_sources: tailwindcss_oxide::scanner: exit
2025-10-27T08:57:34.373189Z  INFO get_globs: tailwindcss_oxide::scanner: exit
