2025-11-09T17:14:42.572835Z  INFO tailwindcss_oxide::scanner: Provided sources:
2025-11-09T17:14:42.572905Z  INFO tailwindcss_oxide::scanner: Source: PublicSourceEntry { base: "/Users/salscodesvkm/vkm/catfish-landing", pattern: "**/*", negated: false }
2025-11-09T17:14:42.573006Z  INFO tailwindcss_oxide::scanner: Optimized sources:
2025-11-09T17:14:42.573020Z  INFO tailwindcss_oxide::scanner: Source: Auto { base: "/Users/salscodesvkm/vkm/catfish-landing" }
2025-11-09T17:14:42.575003Z  INFO get_files: tailwindcss_oxide::scanner: enter
2025-11-09T17:14:42.575034Z  INFO get_files:scan_sources: tailwindcss_oxide::scanner: enter
2025-11-09T17:14:42.575874Z  INFO get_files:scan_sources: tailwindcss_oxide::scanner: Discovering "/Users/salscodesvkm/vkm/catfish-landing/app"
2025-11-09T17:14:42.575973Z  INFO get_files:scan_sources: tailwindcss_oxide::scanner: Discovering "/Users/salscodesvkm/vkm/catfish-landing/app/(main)"
2025-11-09T17:14:42.576041Z  INFO get_files:scan_sources: tailwindcss_oxide::scanner: Discovering "/Users/salscodesvkm/vkm/catfish-landing/app/(main)/layout.tsx"
2025-11-09T17:14:42.576077Z  INFO get_files:scan_sources: tailwindcss_oxide::scanner: Discovering "/Users/salscodesvkm/vkm/catfish-landing/app/(main)/page.tsx"
2025-11-09T17:14:42.576121Z  INFO get_files:scan_sources: tailwindcss_oxide::scanner: Discovering "/Users/salscodesvkm/vkm/catfish-landing/app/globals.css"
2025-11-09T17:14:42.576163Z  INFO get_files:scan_sources: tailwindcss_oxide::scanner: Discovering "/Users/salscodesvkm/vkm/catfish-landing/postcss.config.mjs"
2025-11-09T17:14:42.576246Z  INFO get_files:scan_sources: tailwindcss_oxide::scanner: Discovering "/Users/salscodesvkm/vkm/catfish-landing/utils.ts"
2025-11-09T17:14:42.576332Z  INFO get_files:scan_sources: tailwindcss_oxide::scanner: Discovering "/Users/salscodesvkm/vkm/catfish-landing/README.md"
2025-11-09T17:14:42.576381Z  INFO get_files:scan_sources: tailwindcss_oxide::scanner: Discovering "/Users/salscodesvkm/vkm/catfish-landing/components"
2025-11-09T17:14:42.576452Z  INFO get_files:scan_sources: tailwindcss_oxide::scanner: Discovering "/Users/salscodesvkm/vkm/catfish-landing/components/ui"
2025-11-09T17:14:42.576521Z  INFO get_files:scan_sources: tailwindcss_oxide::scanner: Discovering "/Users/salscodesvkm/vkm/catfish-landing/components/ui/card.tsx"
2025-11-09T17:14:42.576554Z  INFO get_files:scan_sources: tailwindcss_oxide::scanner: Discovering "/Users/salscodesvkm/vkm/catfish-landing/components/ui/accordion.tsx"
2025-11-09T17:14:42.576582Z  INFO get_files:scan_sources: tailwindcss_oxide::scanner: Discovering "/Users/salscodesvkm/vkm/catfish-landing/components/ui/separator.tsx"
2025-11-09T17:14:42.576613Z  INFO get_files:scan_sources: tailwindcss_oxide::scanner: Discovering "/Users/salscodesvkm/vkm/catfish-landing/components/ui/button.tsx"
2025-11-09T17:14:42.576673Z  INFO get_files:scan_sources: tailwindcss_oxide::scanner: Discovering "/Users/salscodesvkm/vkm/catfish-landing/components/shared"
2025-11-09T17:14:42.576732Z  INFO get_files:scan_sources: tailwindcss_oxide::scanner: Discovering "/Users/salscodesvkm/vkm/catfish-landing/components/shared/hero.tsx"
2025-11-09T17:14:42.576763Z  INFO get_files:scan_sources: tailwindcss_oxide::scanner: Discovering "/Users/salscodesvkm/vkm/catfish-landing/components/shared/navbar.tsx"
2025-11-09T17:14:42.576791Z  INFO get_files:scan_sources: tailwindcss_oxide::scanner: Discovering "/Users/salscodesvkm/vkm/catfish-landing/components/shared/footer.tsx"
2025-11-09T17:14:42.576819Z  INFO get_files:scan_sources: tailwindcss_oxide::scanner: Discovering "/Users/salscodesvkm/vkm/catfish-landing/components/shared/faq.tsx"
2025-11-09T17:14:42.576872Z  INFO get_files:scan_sources: tailwindcss_oxide::scanner: Discovering "/Users/salscodesvkm/vkm/catfish-landing/components/layouts"
2025-11-09T17:14:42.576934Z  INFO get_files:scan_sources: tailwindcss_oxide::scanner: Discovering "/Users/salscodesvkm/vkm/catfish-landing/components/layouts/flex-box.tsx"
2025-11-09T17:14:42.576987Z  INFO get_files:scan_sources: tailwindcss_oxide::scanner: Discovering "/Users/salscodesvkm/vkm/catfish-landing/public"
2025-11-09T17:14:42.577067Z  INFO get_files:scan_sources: tailwindcss_oxide::scanner: Discovering "/Users/salscodesvkm/vkm/catfish-landing/public/file.svg"
2025-11-09T17:14:42.577095Z  INFO get_files:scan_sources: tailwindcss_oxide::scanner: Discovering "/Users/salscodesvkm/vkm/catfish-landing/public/vercel.svg"
2025-11-09T17:14:42.577119Z  INFO get_files:scan_sources: tailwindcss_oxide::scanner: Discovering "/Users/salscodesvkm/vkm/catfish-landing/public/next.svg"
2025-11-09T17:14:42.577148Z  INFO get_files:scan_sources: tailwindcss_oxide::scanner: Discovering "/Users/salscodesvkm/vkm/catfish-landing/public/globe.svg"
2025-11-09T17:14:42.577190Z  INFO get_files:scan_sources: tailwindcss_oxide::scanner: Discovering "/Users/salscodesvkm/vkm/catfish-landing/public/assets"
2025-11-09T17:14:42.577260Z  INFO get_files:scan_sources: tailwindcss_oxide::scanner: Discovering "/Users/salscodesvkm/vkm/catfish-landing/public/assets/acp.svg"
2025-11-09T17:14:42.577286Z  INFO get_files:scan_sources: tailwindcss_oxide::scanner: Discovering "/Users/salscodesvkm/vkm/catfish-landing/public/assets/rectangle.svg"
2025-11-09T17:14:42.577311Z  INFO get_files:scan_sources: tailwindcss_oxide::scanner: Discovering "/Users/salscodesvkm/vkm/catfish-landing/public/assets/catfish_dashboard.svg"
2025-11-09T17:14:42.577334Z  INFO get_files:scan_sources: tailwindcss_oxide::scanner: Discovering "/Users/salscodesvkm/vkm/catfish-landing/public/assets/key_feat.svg"
2025-11-09T17:14:42.577359Z  INFO get_files:scan_sources: tailwindcss_oxide::scanner: Discovering "/Users/salscodesvkm/vkm/catfish-landing/public/assets/german.svg"
2025-11-09T17:14:42.577382Z  INFO get_files:scan_sources: tailwindcss_oxide::scanner: Discovering "/Users/salscodesvkm/vkm/catfish-landing/public/assets/fao.svg"
2025-11-09T17:14:42.577407Z  INFO get_files:scan_sources: tailwindcss_oxide::scanner: Discovering "/Users/salscodesvkm/vkm/catfish-landing/public/assets/manage_farm_section.svg"
2025-11-09T17:14:42.577430Z  INFO get_files:scan_sources: tailwindcss_oxide::scanner: Discovering "/Users/salscodesvkm/vkm/catfish-landing/public/assets/record.svg"
2025-11-09T17:14:42.577454Z  INFO get_files:scan_sources: tailwindcss_oxide::scanner: Discovering "/Users/salscodesvkm/vkm/catfish-landing/public/assets/donut.svg"
2025-11-09T17:14:42.577489Z  INFO get_files:scan_sources: tailwindcss_oxide::scanner: Discovering "/Users/salscodesvkm/vkm/catfish-landing/public/assets/app_store.svg"
2025-11-09T17:14:42.577519Z  INFO get_files:scan_sources: tailwindcss_oxide::scanner: Discovering "/Users/salscodesvkm/vkm/catfish-landing/public/assets/catfish_dash.svg"
2025-11-09T17:14:42.577544Z  INFO get_files:scan_sources: tailwindcss_oxide::scanner: Discovering "/Users/salscodesvkm/vkm/catfish-landing/public/assets/play_store.svg"
2025-11-09T17:14:42.577571Z  INFO get_files:scan_sources: tailwindcss_oxide::scanner: Discovering "/Users/salscodesvkm/vkm/catfish-landing/public/assets/feat.svg"
2025-11-09T17:14:42.577597Z  INFO get_files:scan_sources: tailwindcss_oxide::scanner: Discovering "/Users/salscodesvkm/vkm/catfish-landing/public/assets/Frame 1618869453.svg"
2025-11-09T17:14:42.577622Z  INFO get_files:scan_sources: tailwindcss_oxide::scanner: Discovering "/Users/salscodesvkm/vkm/catfish-landing/public/assets/eu.svg"
2025-11-09T17:14:42.577645Z  INFO get_files:scan_sources: tailwindcss_oxide::scanner: Discovering "/Users/salscodesvkm/vkm/catfish-landing/public/assets/logo.svg"
2025-11-09T17:14:42.577669Z  INFO get_files:scan_sources: tailwindcss_oxide::scanner: Discovering "/Users/salscodesvkm/vkm/catfish-landing/public/assets/mobile_app.svg"
2025-11-09T17:14:42.577691Z  INFO get_files:scan_sources: tailwindcss_oxide::scanner: Discovering "/Users/salscodesvkm/vkm/catfish-landing/public/assets/drop.svg"
2025-11-09T17:14:42.577720Z  INFO get_files:scan_sources: tailwindcss_oxide::scanner: Discovering "/Users/salscodesvkm/vkm/catfish-landing/public/window.svg"
2025-11-09T17:14:42.577777Z  INFO get_files:scan_sources: tailwindcss_oxide::scanner: Discovering "/Users/salscodesvkm/vkm/catfish-landing/package.json"
2025-11-09T17:14:42.577840Z  INFO get_files:scan_sources: tailwindcss_oxide::scanner: Discovering "/Users/salscodesvkm/vkm/catfish-landing/lib"
2025-11-09T17:14:42.577892Z  INFO get_files:scan_sources: tailwindcss_oxide::scanner: Discovering "/Users/salscodesvkm/vkm/catfish-landing/lib/utils.ts"
2025-11-09T17:14:42.577921Z  INFO get_files:scan_sources: tailwindcss_oxide::scanner: Discovering "/Users/salscodesvkm/vkm/catfish-landing/components.json"
2025-11-09T17:14:42.577944Z  INFO get_files:scan_sources: tailwindcss_oxide::scanner: Discovering "/Users/salscodesvkm/vkm/catfish-landing/tsconfig.json"
2025-11-09T17:14:42.578027Z  INFO get_files:scan_sources: tailwindcss_oxide::scanner: Discovering "/Users/salscodesvkm/vkm/catfish-landing/.vscode"
2025-11-09T17:14:42.578083Z  INFO get_files:scan_sources: tailwindcss_oxide::scanner: Discovering "/Users/salscodesvkm/vkm/catfish-landing/.vscode/settings.json"
2025-11-09T17:14:42.578114Z  INFO get_files:scan_sources: tailwindcss_oxide::scanner: Discovering "/Users/salscodesvkm/vkm/catfish-landing/eslint.config.mjs"
2025-11-09T17:14:42.578138Z  INFO get_files:scan_sources: tailwindcss_oxide::scanner: Discovering "/Users/salscodesvkm/vkm/catfish-landing/next.config.ts"
2025-11-09T17:14:42.578198Z  INFO get_files:scan_sources: tailwindcss_oxide::scanner: exit
2025-11-09T17:14:42.578760Z  INFO get_files: tailwindcss_oxide::scanner: exit
2025-11-09T17:14:42.578826Z  INFO get_globs: tailwindcss_oxide::scanner: enter
2025-11-09T17:14:42.578839Z  INFO get_globs:scan_sources: tailwindcss_oxide::scanner: enter
2025-11-09T17:14:42.579510Z  INFO get_globs:scan_sources: tailwindcss_oxide::scanner: Discovering "/Users/salscodesvkm/vkm/catfish-landing/app"
2025-11-09T17:14:42.579600Z  INFO get_globs:scan_sources: tailwindcss_oxide::scanner: Discovering "/Users/salscodesvkm/vkm/catfish-landing/app/(main)"
2025-11-09T17:14:42.579855Z  INFO get_globs:scan_sources: tailwindcss_oxide::scanner: Discovering "/Users/salscodesvkm/vkm/catfish-landing/components"
2025-11-09T17:14:42.579925Z  INFO get_globs:scan_sources: tailwindcss_oxide::scanner: Discovering "/Users/salscodesvkm/vkm/catfish-landing/components/ui"
2025-11-09T17:14:42.580053Z  INFO get_globs:scan_sources: tailwindcss_oxide::scanner: Discovering "/Users/salscodesvkm/vkm/catfish-landing/components/shared"
2025-11-09T17:14:42.580171Z  INFO get_globs:scan_sources: tailwindcss_oxide::scanner: Discovering "/Users/salscodesvkm/vkm/catfish-landing/components/layouts"
2025-11-09T17:14:42.580253Z  INFO get_globs:scan_sources: tailwindcss_oxide::scanner: Discovering "/Users/salscodesvkm/vkm/catfish-landing/public"
2025-11-09T17:14:42.580371Z  INFO get_globs:scan_sources: tailwindcss_oxide::scanner: Discovering "/Users/salscodesvkm/vkm/catfish-landing/public/assets"
2025-11-09T17:14:42.580688Z  INFO get_globs:scan_sources: tailwindcss_oxide::scanner: Discovering "/Users/salscodesvkm/vkm/catfish-landing/lib"
2025-11-09T17:14:42.580826Z  INFO get_globs:scan_sources: tailwindcss_oxide::scanner: Discovering "/Users/salscodesvkm/vkm/catfish-landing/.vscode"
2025-11-09T17:14:42.580939Z  INFO get_globs:scan_sources: tailwindcss_oxide::scanner: exit
2025-11-09T17:14:42.583652Z  INFO get_globs: tailwindcss_oxide::scanner: exit
