2025-12-12T06:53:33.555128Z  INFO tailwindcss_oxide::scanner: Provided sources:
2025-12-12T06:53:33.562884Z  INFO tailwindcss_oxide::scanner: Source: PublicSourceEntry { base: "/Users/salscodesvkm/vkm/catfish-landing", pattern: "**/*", negated: false }
2025-12-12T06:53:33.589428Z  INFO tailwindcss_oxide::scanner: Optimized sources:
2025-12-12T06:53:33.589462Z  INFO tailwindcss_oxide::scanner: Source: Auto { base: "/Users/salscodesvkm/vkm/catfish-landing" }
2025-12-12T06:53:33.604973Z  INFO get_files: tailwindcss_oxide::scanner: enter
2025-12-12T06:53:33.605021Z  INFO get_files:scan_sources: tailwindcss_oxide::scanner: enter
2025-12-12T06:53:33.606979Z  INFO get_files:scan_sources: tailwindcss_oxide::scanner: Discovering "/Users/salscodesvkm/vkm/catfish-landing/app"
2025-12-12T06:53:33.607148Z  INFO get_files:scan_sources: tailwindcss_oxide::scanner: Discovering "/Users/salscodesvkm/vkm/catfish-landing/app/support"
2025-12-12T06:53:33.607231Z  INFO get_files:scan_sources: tailwindcss_oxide::scanner: Discovering "/Users/salscodesvkm/vkm/catfish-landing/app/support/page.tsx"
2025-12-12T06:53:33.607623Z  INFO get_files:scan_sources: tailwindcss_oxide::scanner: Discovering "/Users/salscodesvkm/vkm/catfish-landing/app/layout.tsx"
2025-12-12T06:53:33.607722Z  INFO get_files:scan_sources: tailwindcss_oxide::scanner: Discovering "/Users/salscodesvkm/vkm/catfish-landing/app/(main)"
2025-12-12T06:53:33.607793Z  INFO get_files:scan_sources: tailwindcss_oxide::scanner: Discovering "/Users/salscodesvkm/vkm/catfish-landing/app/(main)/page.tsx"
2025-12-12T06:53:33.607835Z  INFO get_files:scan_sources: tailwindcss_oxide::scanner: Discovering "/Users/salscodesvkm/vkm/catfish-landing/app/globals.css"
2025-12-12T06:53:33.607878Z  INFO get_files:scan_sources: tailwindcss_oxide::scanner: Discovering "/Users/salscodesvkm/vkm/catfish-landing/postcss.config.mjs"
2025-12-12T06:53:33.608015Z  INFO get_files:scan_sources: tailwindcss_oxide::scanner: Discovering "/Users/salscodesvkm/vkm/catfish-landing/utils.ts"
2025-12-12T06:53:33.608145Z  INFO get_files:scan_sources: tailwindcss_oxide::scanner: Discovering "/Users/salscodesvkm/vkm/catfish-landing/README.md"
2025-12-12T06:53:33.608218Z  INFO get_files:scan_sources: tailwindcss_oxide::scanner: Discovering "/Users/salscodesvkm/vkm/catfish-landing/components"
2025-12-12T06:53:33.608319Z  INFO get_files:scan_sources: tailwindcss_oxide::scanner: Discovering "/Users/salscodesvkm/vkm/catfish-landing/components/ui"
2025-12-12T06:53:33.608392Z  INFO get_files:scan_sources: tailwindcss_oxide::scanner: Discovering "/Users/salscodesvkm/vkm/catfish-landing/components/ui/card.tsx"
2025-12-12T06:53:33.608424Z  INFO get_files:scan_sources: tailwindcss_oxide::scanner: Discovering "/Users/salscodesvkm/vkm/catfish-landing/components/ui/accordion.tsx"
2025-12-12T06:53:33.608452Z  INFO get_files:scan_sources: tailwindcss_oxide::scanner: Discovering "/Users/salscodesvkm/vkm/catfish-landing/components/ui/separator.tsx"
2025-12-12T06:53:33.608484Z  INFO get_files:scan_sources: tailwindcss_oxide::scanner: Discovering "/Users/salscodesvkm/vkm/catfish-landing/components/ui/button.tsx"
2025-12-12T06:53:33.608556Z  INFO get_files:scan_sources: tailwindcss_oxide::scanner: Discovering "/Users/salscodesvkm/vkm/catfish-landing/components/shared"
2025-12-12T06:53:33.608620Z  INFO get_files:scan_sources: tailwindcss_oxide::scanner: Discovering "/Users/salscodesvkm/vkm/catfish-landing/components/shared/hero.tsx"
2025-12-12T06:53:33.608652Z  INFO get_files:scan_sources: tailwindcss_oxide::scanner: Discovering "/Users/salscodesvkm/vkm/catfish-landing/components/shared/navbar.tsx"
2025-12-12T06:53:33.608680Z  INFO get_files:scan_sources: tailwindcss_oxide::scanner: Discovering "/Users/salscodesvkm/vkm/catfish-landing/components/shared/footer.tsx"
2025-12-12T06:53:33.608724Z  INFO get_files:scan_sources: tailwindcss_oxide::scanner: Discovering "/Users/salscodesvkm/vkm/catfish-landing/components/shared/faq.tsx"
2025-12-12T06:53:33.608900Z  INFO get_files:scan_sources: tailwindcss_oxide::scanner: Discovering "/Users/salscodesvkm/vkm/catfish-landing/components/layouts"
2025-12-12T06:53:33.609011Z  INFO get_files:scan_sources: tailwindcss_oxide::scanner: Discovering "/Users/salscodesvkm/vkm/catfish-landing/components/layouts/flex-box.tsx"
2025-12-12T06:53:33.609111Z  INFO get_files:scan_sources: tailwindcss_oxide::scanner: Discovering "/Users/salscodesvkm/vkm/catfish-landing/public"
2025-12-12T06:53:33.609252Z  INFO get_files:scan_sources: tailwindcss_oxide::scanner: Discovering "/Users/salscodesvkm/vkm/catfish-landing/public/file.svg"
2025-12-12T06:53:33.609315Z  INFO get_files:scan_sources: tailwindcss_oxide::scanner: Discovering "/Users/salscodesvkm/vkm/catfish-landing/public/vercel.svg"
2025-12-12T06:53:33.609356Z  INFO get_files:scan_sources: tailwindcss_oxide::scanner: Discovering "/Users/salscodesvkm/vkm/catfish-landing/public/next.svg"
2025-12-12T06:53:33.609383Z  INFO get_files:scan_sources: tailwindcss_oxide::scanner: Discovering "/Users/salscodesvkm/vkm/catfish-landing/public/globe.svg"
2025-12-12T06:53:33.609472Z  INFO get_files:scan_sources: tailwindcss_oxide::scanner: Discovering "/Users/salscodesvkm/vkm/catfish-landing/public/assets"
2025-12-12T06:53:33.609574Z  INFO get_files:scan_sources: tailwindcss_oxide::scanner: Discovering "/Users/salscodesvkm/vkm/catfish-landing/public/assets/acp.svg"
2025-12-12T06:53:33.609625Z  INFO get_files:scan_sources: tailwindcss_oxide::scanner: Discovering "/Users/salscodesvkm/vkm/catfish-landing/public/assets/contact.svg"
2025-12-12T06:53:33.609655Z  INFO get_files:scan_sources: tailwindcss_oxide::scanner: Discovering "/Users/salscodesvkm/vkm/catfish-landing/public/assets/rectangle.svg"
2025-12-12T06:53:33.609699Z  INFO get_files:scan_sources: tailwindcss_oxide::scanner: Discovering "/Users/salscodesvkm/vkm/catfish-landing/public/assets/catfish_dashboard.svg"
2025-12-12T06:53:33.609732Z  INFO get_files:scan_sources: tailwindcss_oxide::scanner: Discovering "/Users/salscodesvkm/vkm/catfish-landing/public/assets/key_feat.svg"
2025-12-12T06:53:33.609762Z  INFO get_files:scan_sources: tailwindcss_oxide::scanner: Discovering "/Users/salscodesvkm/vkm/catfish-landing/public/assets/german.svg"
2025-12-12T06:53:33.609795Z  INFO get_files:scan_sources: tailwindcss_oxide::scanner: Discovering "/Users/salscodesvkm/vkm/catfish-landing/public/assets/fao.svg"
2025-12-12T06:53:33.609829Z  INFO get_files:scan_sources: tailwindcss_oxide::scanner: Discovering "/Users/salscodesvkm/vkm/catfish-landing/public/assets/manage_farm_section.svg"
2025-12-12T06:53:33.609859Z  INFO get_files:scan_sources: tailwindcss_oxide::scanner: Discovering "/Users/salscodesvkm/vkm/catfish-landing/public/assets/record.svg"
2025-12-12T06:53:33.609900Z  INFO get_files:scan_sources: tailwindcss_oxide::scanner: Discovering "/Users/salscodesvkm/vkm/catfish-landing/public/assets/started.svg"
2025-12-12T06:53:33.609938Z  INFO get_files:scan_sources: tailwindcss_oxide::scanner: Discovering "/Users/salscodesvkm/vkm/catfish-landing/public/assets/donut.svg"
2025-12-12T06:53:33.610944Z  INFO get_files:scan_sources: tailwindcss_oxide::scanner: Discovering "/Users/salscodesvkm/vkm/catfish-landing/public/assets/app_store.svg"
2025-12-12T06:53:33.611220Z  INFO get_files:scan_sources: tailwindcss_oxide::scanner: Discovering "/Users/salscodesvkm/vkm/catfish-landing/public/assets/rec.svg"
2025-12-12T06:53:33.611265Z  INFO get_files:scan_sources: tailwindcss_oxide::scanner: Discovering "/Users/salscodesvkm/vkm/catfish-landing/public/assets/catfish_dash.svg"
2025-12-12T06:53:33.611310Z  INFO get_files:scan_sources: tailwindcss_oxide::scanner: Discovering "/Users/salscodesvkm/vkm/catfish-landing/public/assets/faq.svg"
2025-12-12T06:53:33.611964Z  INFO get_files:scan_sources: tailwindcss_oxide::scanner: Discovering "/Users/salscodesvkm/vkm/catfish-landing/public/assets/youtube.svg"
2025-12-12T06:53:33.612409Z  INFO get_files:scan_sources: tailwindcss_oxide::scanner: Discovering "/Users/salscodesvkm/vkm/catfish-landing/public/assets/play_store.svg"
2025-12-12T06:53:33.612459Z  INFO get_files:scan_sources: tailwindcss_oxide::scanner: Discovering "/Users/salscodesvkm/vkm/catfish-landing/public/assets/feat.svg"
2025-12-12T06:53:33.612513Z  INFO get_files:scan_sources: tailwindcss_oxide::scanner: Discovering "/Users/salscodesvkm/vkm/catfish-landing/public/assets/Frame 1618869453.svg"
2025-12-12T06:53:33.612807Z  INFO get_files:scan_sources: tailwindcss_oxide::scanner: Discovering "/Users/salscodesvkm/vkm/catfish-landing/public/assets/support_hero_img.svg"
2025-12-12T06:53:33.612852Z  INFO get_files:scan_sources: tailwindcss_oxide::scanner: Discovering "/Users/salscodesvkm/vkm/catfish-landing/public/assets/eu.svg"
2025-12-12T06:53:33.612881Z  INFO get_files:scan_sources: tailwindcss_oxide::scanner: Discovering "/Users/salscodesvkm/vkm/catfish-landing/public/assets/logo.svg"
2025-12-12T06:53:33.613465Z  INFO get_files:scan_sources: tailwindcss_oxide::scanner: Discovering "/Users/salscodesvkm/vkm/catfish-landing/public/assets/mobile_app.svg"
2025-12-12T06:53:33.613710Z  INFO get_files:scan_sources: tailwindcss_oxide::scanner: Discovering "/Users/salscodesvkm/vkm/catfish-landing/public/assets/drop.svg"
2025-12-12T06:53:33.613765Z  INFO get_files:scan_sources: tailwindcss_oxide::scanner: Discovering "/Users/salscodesvkm/vkm/catfish-landing/public/window.svg"
2025-12-12T06:53:33.613836Z  INFO get_files:scan_sources: tailwindcss_oxide::scanner: Discovering "/Users/salscodesvkm/vkm/catfish-landing/package.json"
2025-12-12T06:53:33.613928Z  INFO get_files:scan_sources: tailwindcss_oxide::scanner: Discovering "/Users/salscodesvkm/vkm/catfish-landing/lib"
2025-12-12T06:53:33.613997Z  INFO get_files:scan_sources: tailwindcss_oxide::scanner: Discovering "/Users/salscodesvkm/vkm/catfish-landing/lib/utils.ts"
2025-12-12T06:53:33.614031Z  INFO get_files:scan_sources: tailwindcss_oxide::scanner: Discovering "/Users/salscodesvkm/vkm/catfish-landing/components.json"
2025-12-12T06:53:33.614056Z  INFO get_files:scan_sources: tailwindcss_oxide::scanner: Discovering "/Users/salscodesvkm/vkm/catfish-landing/tsconfig.json"
2025-12-12T06:53:33.614218Z  INFO get_files:scan_sources: tailwindcss_oxide::scanner: Discovering "/Users/salscodesvkm/vkm/catfish-landing/.vscode"
2025-12-12T06:53:33.614288Z  INFO get_files:scan_sources: tailwindcss_oxide::scanner: Discovering "/Users/salscodesvkm/vkm/catfish-landing/.vscode/settings.json"
2025-12-12T06:53:33.614326Z  INFO get_files:scan_sources: tailwindcss_oxide::scanner: Discovering "/Users/salscodesvkm/vkm/catfish-landing/eslint.config.mjs"
2025-12-12T06:53:33.614353Z  INFO get_files:scan_sources: tailwindcss_oxide::scanner: Discovering "/Users/salscodesvkm/vkm/catfish-landing/next.config.ts"
2025-12-12T06:53:33.614764Z  INFO get_files:scan_sources: tailwindcss_oxide::scanner: exit
2025-12-12T06:53:33.616000Z  INFO get_files: tailwindcss_oxide::scanner: exit
2025-12-12T06:53:33.616100Z  INFO get_globs: tailwindcss_oxide::scanner: enter
2025-12-12T06:53:33.616123Z  INFO get_globs:scan_sources: tailwindcss_oxide::scanner: enter
2025-12-12T06:53:33.616953Z  INFO get_globs:scan_sources: tailwindcss_oxide::scanner: Discovering "/Users/salscodesvkm/vkm/catfish-landing/app"
2025-12-12T06:53:33.617077Z  INFO get_globs:scan_sources: tailwindcss_oxide::scanner: Discovering "/Users/salscodesvkm/vkm/catfish-landing/app/support"
2025-12-12T06:53:33.617237Z  INFO get_globs:scan_sources: tailwindcss_oxide::scanner: Discovering "/Users/salscodesvkm/vkm/catfish-landing/app/(main)"
2025-12-12T06:53:33.617571Z  INFO get_globs:scan_sources: tailwindcss_oxide::scanner: Discovering "/Users/salscodesvkm/vkm/catfish-landing/components"
2025-12-12T06:53:33.617660Z  INFO get_globs:scan_sources: tailwindcss_oxide::scanner: Discovering "/Users/salscodesvkm/vkm/catfish-landing/components/ui"
2025-12-12T06:53:33.617902Z  INFO get_globs:scan_sources: tailwindcss_oxide::scanner: Discovering "/Users/salscodesvkm/vkm/catfish-landing/components/shared"
2025-12-12T06:53:33.618062Z  INFO get_globs:scan_sources: tailwindcss_oxide::scanner: Discovering "/Users/salscodesvkm/vkm/catfish-landing/components/layouts"
2025-12-12T06:53:33.618179Z  INFO get_globs:scan_sources: tailwindcss_oxide::scanner: Discovering "/Users/salscodesvkm/vkm/catfish-landing/public"
2025-12-12T06:53:33.618412Z  INFO get_globs:scan_sources: tailwindcss_oxide::scanner: Discovering "/Users/salscodesvkm/vkm/catfish-landing/public/assets"
2025-12-12T06:53:33.618926Z  INFO get_globs:scan_sources: tailwindcss_oxide::scanner: Discovering "/Users/salscodesvkm/vkm/catfish-landing/lib"
2025-12-12T06:53:33.619125Z  INFO get_globs:scan_sources: tailwindcss_oxide::scanner: Discovering "/Users/salscodesvkm/vkm/catfish-landing/.vscode"
2025-12-12T06:53:33.619276Z  INFO get_globs:scan_sources: tailwindcss_oxide::scanner: exit
2025-12-12T06:53:33.629345Z  INFO get_globs: tailwindcss_oxide::scanner: exit
