2025-10-27T10:46:45.578309Z  INFO tailwindcss_oxide::scanner: Provided sources:
2025-10-27T10:46:45.578873Z  INFO tailwindcss_oxide::scanner: Source: PublicSourceEntry { base: "/Users/salscodes/vkm/catfish-landing", pattern: "**/*", negated: false }
2025-10-27T10:46:45.579029Z  INFO tailwindcss_oxide::scanner: Optimized sources:
2025-10-27T10:46:45.579046Z  INFO tailwindcss_oxide::scanner: Source: Auto { base: "/Users/salscodes/vkm/catfish-landing" }
2025-10-27T10:46:45.581690Z  INFO get_files: tailwindcss_oxide::scanner: enter
2025-10-27T10:46:45.581764Z  INFO get_files:scan_sources: tailwindcss_oxide::scanner: enter
2025-10-27T10:46:45.586367Z  INFO get_files:scan_sources: tailwindcss_oxide::scanner: Discovering "/Users/salscodes/vkm/catfish-landing/tailwind.config.js"
2025-10-27T10:46:45.586735Z  INFO get_files:scan_sources: tailwindcss_oxide::scanner: Discovering "/Users/salscodes/vkm/catfish-landing/postcss.config.mjs"
2025-10-27T10:46:45.587002Z  INFO get_files:scan_sources: tailwindcss_oxide::scanner: Discovering "/Users/salscodes/vkm/catfish-landing/README.md"
2025-10-27T10:46:45.587077Z  INFO get_files:scan_sources: tailwindcss_oxide::scanner: Discovering "/Users/salscodes/vkm/catfish-landing/components"
2025-10-27T10:46:45.587192Z  INFO get_files:scan_sources: tailwindcss_oxide::scanner: Discovering "/Users/salscodes/vkm/catfish-landing/components/ui"
2025-10-27T10:46:45.587285Z  INFO get_files:scan_sources: tailwindcss_oxide::scanner: Discovering "/Users/salscodes/vkm/catfish-landing/components/ui/button.tsx"
2025-10-27T10:46:45.587347Z  INFO get_files:scan_sources: tailwindcss_oxide::scanner: Discovering "/Users/salscodes/vkm/catfish-landing/components/shared"
2025-10-27T10:46:45.587419Z  INFO get_files:scan_sources: tailwindcss_oxide::scanner: Discovering "/Users/salscodes/vkm/catfish-landing/components/shared/navbar.tsx"
2025-10-27T10:46:45.587455Z  INFO get_files:scan_sources: tailwindcss_oxide::scanner: Discovering "/Users/salscodes/vkm/catfish-landing/components/shared/footer.tsx"
2025-10-27T10:46:45.587666Z  INFO get_files:scan_sources: tailwindcss_oxide::scanner: Discovering "/Users/salscodes/vkm/catfish-landing/components/layouts"
2025-10-27T10:46:45.587878Z  INFO get_files:scan_sources: tailwindcss_oxide::scanner: Discovering "/Users/salscodes/vkm/catfish-landing/components/layouts/flex-box.tsx"
2025-10-27T10:46:45.588063Z  INFO get_files:scan_sources: tailwindcss_oxide::scanner: Discovering "/Users/salscodes/vkm/catfish-landing/public"
2025-10-27T10:46:45.588176Z  INFO get_files:scan_sources: tailwindcss_oxide::scanner: Discovering "/Users/salscodes/vkm/catfish-landing/public/file.svg"
2025-10-27T10:46:45.588225Z  INFO get_files:scan_sources: tailwindcss_oxide::scanner: Discovering "/Users/salscodes/vkm/catfish-landing/public/vercel.svg"
2025-10-27T10:46:45.588266Z  INFO get_files:scan_sources: tailwindcss_oxide::scanner: Discovering "/Users/salscodes/vkm/catfish-landing/public/next.svg"
2025-10-27T10:46:45.588302Z  INFO get_files:scan_sources: tailwindcss_oxide::scanner: Discovering "/Users/salscodes/vkm/catfish-landing/public/globe.svg"
2025-10-27T10:46:45.588368Z  INFO get_files:scan_sources: tailwindcss_oxide::scanner: Discovering "/Users/salscodes/vkm/catfish-landing/public/assets"
2025-10-27T10:46:45.588445Z  INFO get_files:scan_sources: tailwindcss_oxide::scanner: Discovering "/Users/salscodes/vkm/catfish-landing/public/assets/logo.svg"
2025-10-27T10:46:45.588488Z  INFO get_files:scan_sources: tailwindcss_oxide::scanner: Discovering "/Users/salscodes/vkm/catfish-landing/public/window.svg"
2025-10-27T10:46:45.588560Z  INFO get_files:scan_sources: tailwindcss_oxide::scanner: Discovering "/Users/salscodes/vkm/catfish-landing/package.json"
2025-10-27T10:46:45.588598Z  INFO get_files:scan_sources: tailwindcss_oxide::scanner: Discovering "/Users/salscodes/vkm/catfish-landing/components.json"
2025-10-27T10:46:45.588631Z  INFO get_files:scan_sources: tailwindcss_oxide::scanner: Discovering "/Users/salscodes/vkm/catfish-landing/tsconfig.json"
2025-10-27T10:46:45.588694Z  INFO get_files:scan_sources: tailwindcss_oxide::scanner: Discovering "/Users/salscodes/vkm/catfish-landing/.vscode"
2025-10-27T10:46:45.588781Z  INFO get_files:scan_sources: tailwindcss_oxide::scanner: Discovering "/Users/salscodes/vkm/catfish-landing/.vscode/settings.json"
2025-10-27T10:46:45.588824Z  INFO get_files:scan_sources: tailwindcss_oxide::scanner: Discovering "/Users/salscodes/vkm/catfish-landing/eslint.config.mjs"
2025-10-27T10:46:45.588854Z  INFO get_files:scan_sources: tailwindcss_oxide::scanner: Discovering "/Users/salscodes/vkm/catfish-landing/next.config.ts"
2025-10-27T10:46:45.588907Z  INFO get_files:scan_sources: tailwindcss_oxide::scanner: Discovering "/Users/salscodes/vkm/catfish-landing/src"
2025-10-27T10:46:45.588988Z  INFO get_files:scan_sources: tailwindcss_oxide::scanner: Discovering "/Users/salscodes/vkm/catfish-landing/src/app"
2025-10-27T10:46:45.589089Z  INFO get_files:scan_sources: tailwindcss_oxide::scanner: Discovering "/Users/salscodes/vkm/catfish-landing/src/app/(main)"
2025-10-27T10:46:45.589158Z  INFO get_files:scan_sources: tailwindcss_oxide::scanner: Discovering "/Users/salscodes/vkm/catfish-landing/src/app/(main)/layout.tsx"
2025-10-27T10:46:45.589192Z  INFO get_files:scan_sources: tailwindcss_oxide::scanner: Discovering "/Users/salscodes/vkm/catfish-landing/src/app/(main)/page.tsx"
2025-10-27T10:46:45.589228Z  INFO get_files:scan_sources: tailwindcss_oxide::scanner: Discovering "/Users/salscodes/vkm/catfish-landing/src/app/globals.css"
2025-10-27T10:46:45.589283Z  INFO get_files:scan_sources: tailwindcss_oxide::scanner: Discovering "/Users/salscodes/vkm/catfish-landing/src/lib"
2025-10-27T10:46:45.589343Z  INFO get_files:scan_sources: tailwindcss_oxide::scanner: Discovering "/Users/salscodes/vkm/catfish-landing/src/lib/utils.ts"
2025-10-27T10:46:45.589439Z  INFO get_files:scan_sources: tailwindcss_oxide::scanner: exit
2025-10-27T10:46:45.599712Z  INFO get_files: tailwindcss_oxide::scanner: exit
2025-10-27T10:46:45.599811Z  INFO get_globs: tailwindcss_oxide::scanner: enter
2025-10-27T10:46:45.599826Z  INFO get_globs:scan_sources: tailwindcss_oxide::scanner: enter
2025-10-27T10:46:45.600891Z  INFO get_globs:scan_sources: tailwindcss_oxide::scanner: Discovering "/Users/salscodes/vkm/catfish-landing/components"
2025-10-27T10:46:45.601049Z  INFO get_globs:scan_sources: tailwindcss_oxide::scanner: Discovering "/Users/salscodes/vkm/catfish-landing/components/ui"
2025-10-27T10:46:45.601193Z  INFO get_globs:scan_sources: tailwindcss_oxide::scanner: Discovering "/Users/salscodes/vkm/catfish-landing/components/shared"
2025-10-27T10:46:45.601320Z  INFO get_globs:scan_sources: tailwindcss_oxide::scanner: Discovering "/Users/salscodes/vkm/catfish-landing/components/layouts"
2025-10-27T10:46:45.601501Z  INFO get_globs:scan_sources: tailwindcss_oxide::scanner: Discovering "/Users/salscodes/vkm/catfish-landing/public"
2025-10-27T10:46:45.601686Z  INFO get_globs:scan_sources: tailwindcss_oxide::scanner: Discovering "/Users/salscodes/vkm/catfish-landing/public/assets"
2025-10-27T10:46:45.601877Z  INFO get_globs:scan_sources: tailwindcss_oxide::scanner: Discovering "/Users/salscodes/vkm/catfish-landing/.vscode"
2025-10-27T10:46:45.602015Z  INFO get_globs:scan_sources: tailwindcss_oxide::scanner: Discovering "/Users/salscodes/vkm/catfish-landing/src"
2025-10-27T10:46:45.602166Z  INFO get_globs:scan_sources: tailwindcss_oxide::scanner: Discovering "/Users/salscodes/vkm/catfish-landing/src/app"
2025-10-27T10:46:45.602304Z  INFO get_globs:scan_sources: tailwindcss_oxide::scanner: Discovering "/Users/salscodes/vkm/catfish-landing/src/app/(main)"
2025-10-27T10:46:45.602449Z  INFO get_globs:scan_sources: tailwindcss_oxide::scanner: Discovering "/Users/salscodes/vkm/catfish-landing/src/lib"
2025-10-27T10:46:45.602556Z  INFO get_globs:scan_sources: tailwindcss_oxide::scanner: exit
2025-10-27T10:46:45.606603Z  INFO get_globs: tailwindcss_oxide::scanner: exit
