2026-01-10T19:57:41.880549Z  INFO tailwindcss_oxide::scanner: Provided sources:
2026-01-10T19:57:41.880628Z  INFO tailwindcss_oxide::scanner: Source: PublicSourceEntry { base: "/Users/salscodesvkm/vkm/catfish-landing", pattern: "**/*", negated: false }
2026-01-10T19:57:41.880742Z  INFO tailwindcss_oxide::scanner: Optimized sources:
2026-01-10T19:57:41.880761Z  INFO tailwindcss_oxide::scanner: Source: Auto { base: "/Users/salscodesvkm/vkm/catfish-landing" }
2026-01-10T19:57:41.882525Z  INFO get_files: tailwindcss_oxide::scanner: enter
2026-01-10T19:57:41.882553Z  INFO get_files:scan_sources: tailwindcss_oxide::scanner: enter
2026-01-10T19:57:41.883392Z  INFO get_files:scan_sources: tailwindcss_oxide::scanner: Discovering "/Users/salscodesvkm/vkm/catfish-landing/app"
2026-01-10T19:57:41.883538Z  INFO get_files:scan_sources: tailwindcss_oxide::scanner: Discovering "/Users/salscodesvkm/vkm/catfish-landing/app/features"
2026-01-10T19:57:41.883620Z  INFO get_files:scan_sources: tailwindcss_oxide::scanner: Discovering "/Users/salscodesvkm/vkm/catfish-landing/app/features/page.tsx"
2026-01-10T19:57:41.883696Z  INFO get_files:scan_sources: tailwindcss_oxide::scanner: Discovering "/Users/salscodesvkm/vkm/catfish-landing/app/support"
2026-01-10T19:57:41.883749Z  INFO get_files:scan_sources: tailwindcss_oxide::scanner: Discovering "/Users/salscodesvkm/vkm/catfish-landing/app/support/page.tsx"
2026-01-10T19:57:41.883780Z  INFO get_files:scan_sources: tailwindcss_oxide::scanner: Discovering "/Users/salscodesvkm/vkm/catfish-landing/app/layout.tsx"
2026-01-10T19:57:41.883838Z  INFO get_files:scan_sources: tailwindcss_oxide::scanner: Discovering "/Users/salscodesvkm/vkm/catfish-landing/app/(main)"
2026-01-10T19:57:41.883919Z  INFO get_files:scan_sources: tailwindcss_oxide::scanner: Discovering "/Users/salscodesvkm/vkm/catfish-landing/app/(main)/components"
2026-01-10T19:57:41.883975Z  INFO get_files:scan_sources: tailwindcss_oxide::scanner: Discovering "/Users/salscodesvkm/vkm/catfish-landing/app/(main)/components/slider.tsx"
2026-01-10T19:57:41.884001Z  INFO get_files:scan_sources: tailwindcss_oxide::scanner: Discovering "/Users/salscodesvkm/vkm/catfish-landing/app/(main)/components/feature-tabs.tsx"
2026-01-10T19:57:41.884039Z  INFO get_files:scan_sources: tailwindcss_oxide::scanner: Discovering "/Users/salscodesvkm/vkm/catfish-landing/app/(main)/page.tsx"
2026-01-10T19:57:41.884072Z  INFO get_files:scan_sources: tailwindcss_oxide::scanner: Discovering "/Users/salscodesvkm/vkm/catfish-landing/app/globals.css"
2026-01-10T19:57:41.884109Z  INFO get_files:scan_sources: tailwindcss_oxide::scanner: Discovering "/Users/salscodesvkm/vkm/catfish-landing/postcss.config.mjs"
2026-01-10T19:57:41.884230Z  INFO get_files:scan_sources: tailwindcss_oxide::scanner: Discovering "/Users/salscodesvkm/vkm/catfish-landing/utils.ts"
2026-01-10T19:57:41.884321Z  INFO get_files:scan_sources: tailwindcss_oxide::scanner: Discovering "/Users/salscodesvkm/vkm/catfish-landing/README.md"
2026-01-10T19:57:41.884380Z  INFO get_files:scan_sources: tailwindcss_oxide::scanner: Discovering "/Users/salscodesvkm/vkm/catfish-landing/components"
2026-01-10T19:57:41.884460Z  INFO get_files:scan_sources: tailwindcss_oxide::scanner: Discovering "/Users/salscodesvkm/vkm/catfish-landing/components/ui"
2026-01-10T19:57:41.884508Z  INFO get_files:scan_sources: tailwindcss_oxide::scanner: Discovering "/Users/salscodesvkm/vkm/catfish-landing/components/ui/card.tsx"
2026-01-10T19:57:41.884532Z  INFO get_files:scan_sources: tailwindcss_oxide::scanner: Discovering "/Users/salscodesvkm/vkm/catfish-landing/components/ui/accordion.tsx"
2026-01-10T19:57:41.884554Z  INFO get_files:scan_sources: tailwindcss_oxide::scanner: Discovering "/Users/salscodesvkm/vkm/catfish-landing/components/ui/separator.tsx"
2026-01-10T19:57:41.884580Z  INFO get_files:scan_sources: tailwindcss_oxide::scanner: Discovering "/Users/salscodesvkm/vkm/catfish-landing/components/ui/button.tsx"
2026-01-10T19:57:41.884636Z  INFO get_files:scan_sources: tailwindcss_oxide::scanner: Discovering "/Users/salscodesvkm/vkm/catfish-landing/components/shared"
2026-01-10T19:57:41.884699Z  INFO get_files:scan_sources: tailwindcss_oxide::scanner: Discovering "/Users/salscodesvkm/vkm/catfish-landing/components/shared/hero.tsx"
2026-01-10T19:57:41.884723Z  INFO get_files:scan_sources: tailwindcss_oxide::scanner: Discovering "/Users/salscodesvkm/vkm/catfish-landing/components/shared/navbar.tsx"
2026-01-10T19:57:41.884743Z  INFO get_files:scan_sources: tailwindcss_oxide::scanner: Discovering "/Users/salscodesvkm/vkm/catfish-landing/components/shared/footer.tsx"
2026-01-10T19:57:41.884763Z  INFO get_files:scan_sources: tailwindcss_oxide::scanner: Discovering "/Users/salscodesvkm/vkm/catfish-landing/components/shared/faq.tsx"
2026-01-10T19:57:41.884825Z  INFO get_files:scan_sources: tailwindcss_oxide::scanner: Discovering "/Users/salscodesvkm/vkm/catfish-landing/components/layouts"
2026-01-10T19:57:41.884867Z  INFO get_files:scan_sources: tailwindcss_oxide::scanner: Discovering "/Users/salscodesvkm/vkm/catfish-landing/components/layouts/flex-box.tsx"
2026-01-10T19:57:41.884930Z  INFO get_files:scan_sources: tailwindcss_oxide::scanner: Discovering "/Users/salscodesvkm/vkm/catfish-landing/public"
2026-01-10T19:57:41.884985Z  INFO get_files:scan_sources: tailwindcss_oxide::scanner: Discovering "/Users/salscodesvkm/vkm/catfish-landing/public/file.svg"
2026-01-10T19:57:41.885007Z  INFO get_files:scan_sources: tailwindcss_oxide::scanner: Discovering "/Users/salscodesvkm/vkm/catfish-landing/public/vercel.svg"
2026-01-10T19:57:41.885027Z  INFO get_files:scan_sources: tailwindcss_oxide::scanner: Discovering "/Users/salscodesvkm/vkm/catfish-landing/public/next.svg"
2026-01-10T19:57:41.885046Z  INFO get_files:scan_sources: tailwindcss_oxide::scanner: Discovering "/Users/salscodesvkm/vkm/catfish-landing/public/globe.svg"
2026-01-10T19:57:41.885111Z  INFO get_files:scan_sources: tailwindcss_oxide::scanner: Discovering "/Users/salscodesvkm/vkm/catfish-landing/public/assets"
2026-01-10T19:57:41.885183Z  INFO get_files:scan_sources: tailwindcss_oxide::scanner: Discovering "/Users/salscodesvkm/vkm/catfish-landing/public/assets/acp.svg"
2026-01-10T19:57:41.885203Z  INFO get_files:scan_sources: tailwindcss_oxide::scanner: Discovering "/Users/salscodesvkm/vkm/catfish-landing/public/assets/contact.svg"
2026-01-10T19:57:41.885222Z  INFO get_files:scan_sources: tailwindcss_oxide::scanner: Discovering "/Users/salscodesvkm/vkm/catfish-landing/public/assets/appstore.svg"
2026-01-10T19:57:41.885253Z  INFO get_files:scan_sources: tailwindcss_oxide::scanner: Discovering "/Users/salscodesvkm/vkm/catfish-landing/public/assets/rectangle.svg"
2026-01-10T19:57:41.885276Z  INFO get_files:scan_sources: tailwindcss_oxide::scanner: Discovering "/Users/salscodesvkm/vkm/catfish-landing/public/assets/catfish_dashboard.svg"
2026-01-10T19:57:41.885298Z  INFO get_files:scan_sources: tailwindcss_oxide::scanner: Discovering "/Users/salscodesvkm/vkm/catfish-landing/public/assets/key_feat.svg"
2026-01-10T19:57:41.885318Z  INFO get_files:scan_sources: tailwindcss_oxide::scanner: Discovering "/Users/salscodesvkm/vkm/catfish-landing/public/assets/german.svg"
2026-01-10T19:57:41.885336Z  INFO get_files:scan_sources: tailwindcss_oxide::scanner: Discovering "/Users/salscodesvkm/vkm/catfish-landing/public/assets/after.svg"
2026-01-10T19:57:41.885355Z  INFO get_files:scan_sources: tailwindcss_oxide::scanner: Discovering "/Users/salscodesvkm/vkm/catfish-landing/public/assets/farm_setup.svg"
2026-01-10T19:57:41.885372Z  INFO get_files:scan_sources: tailwindcss_oxide::scanner: Discovering "/Users/salscodesvkm/vkm/catfish-landing/public/assets/fao.svg"
2026-01-10T19:57:41.885393Z  INFO get_files:scan_sources: tailwindcss_oxide::scanner: Discovering "/Users/salscodesvkm/vkm/catfish-landing/public/assets/manage_farm_section.svg"
2026-01-10T19:57:41.885416Z  INFO get_files:scan_sources: tailwindcss_oxide::scanner: Discovering "/Users/salscodesvkm/vkm/catfish-landing/public/assets/record.svg"
2026-01-10T19:57:41.885435Z  INFO get_files:scan_sources: tailwindcss_oxide::scanner: Discovering "/Users/salscodesvkm/vkm/catfish-landing/public/assets/started.svg"
2026-01-10T19:57:41.885465Z  INFO get_files:scan_sources: tailwindcss_oxide::scanner: Discovering "/Users/salscodesvkm/vkm/catfish-landing/public/assets/feature_hero.svg"
2026-01-10T19:57:41.885485Z  INFO get_files:scan_sources: tailwindcss_oxide::scanner: Discovering "/Users/salscodesvkm/vkm/catfish-landing/public/assets/donut.svg"
2026-01-10T19:57:41.885504Z  INFO get_files:scan_sources: tailwindcss_oxide::scanner: Discovering "/Users/salscodesvkm/vkm/catfish-landing/public/assets/app_store.svg"
2026-01-10T19:57:41.885522Z  INFO get_files:scan_sources: tailwindcss_oxide::scanner: Discovering "/Users/salscodesvkm/vkm/catfish-landing/public/assets/rec.svg"
2026-01-10T19:57:41.885539Z  INFO get_files:scan_sources: tailwindcss_oxide::scanner: Discovering "/Users/salscodesvkm/vkm/catfish-landing/public/assets/catfish_dash.svg"
2026-01-10T19:57:41.885558Z  INFO get_files:scan_sources: tailwindcss_oxide::scanner: Discovering "/Users/salscodesvkm/vkm/catfish-landing/public/assets/faq.svg"
2026-01-10T19:57:41.885576Z  INFO get_files:scan_sources: tailwindcss_oxide::scanner: Discovering "/Users/salscodesvkm/vkm/catfish-landing/public/assets/playstore.svg"
2026-01-10T19:57:41.885596Z  INFO get_files:scan_sources: tailwindcss_oxide::scanner: Discovering "/Users/salscodesvkm/vkm/catfish-landing/public/assets/youtube.svg"
2026-01-10T19:57:41.885613Z  INFO get_files:scan_sources: tailwindcss_oxide::scanner: Discovering "/Users/salscodesvkm/vkm/catfish-landing/public/assets/linechart.svg"
2026-01-10T19:57:41.885631Z  INFO get_files:scan_sources: tailwindcss_oxide::scanner: Discovering "/Users/salscodesvkm/vkm/catfish-landing/public/assets/play_store.svg"
2026-01-10T19:57:41.885648Z  INFO get_files:scan_sources: tailwindcss_oxide::scanner: Discovering "/Users/salscodesvkm/vkm/catfish-landing/public/assets/feat.svg"
2026-01-10T19:57:41.885667Z  INFO get_files:scan_sources: tailwindcss_oxide::scanner: Discovering "/Users/salscodesvkm/vkm/catfish-landing/public/assets/Frame 1618869453.svg"
2026-01-10T19:57:41.885686Z  INFO get_files:scan_sources: tailwindcss_oxide::scanner: Discovering "/Users/salscodesvkm/vkm/catfish-landing/public/assets/support_hero_img.svg"
2026-01-10T19:57:41.885704Z  INFO get_files:scan_sources: tailwindcss_oxide::scanner: Discovering "/Users/salscodesvkm/vkm/catfish-landing/public/assets/ai_insight.svg"
2026-01-10T19:57:41.885723Z  INFO get_files:scan_sources: tailwindcss_oxide::scanner: Discovering "/Users/salscodesvkm/vkm/catfish-landing/public/assets/eu.svg"
2026-01-10T19:57:41.885741Z  INFO get_files:scan_sources: tailwindcss_oxide::scanner: Discovering "/Users/salscodesvkm/vkm/catfish-landing/public/assets/logo.svg"
2026-01-10T19:57:41.885758Z  INFO get_files:scan_sources: tailwindcss_oxide::scanner: Discovering "/Users/salscodesvkm/vkm/catfish-landing/public/assets/mobile_app.svg"
2026-01-10T19:57:41.885775Z  INFO get_files:scan_sources: tailwindcss_oxide::scanner: Discovering "/Users/salscodesvkm/vkm/catfish-landing/public/assets/drop.svg"
2026-01-10T19:57:41.885798Z  INFO get_files:scan_sources: tailwindcss_oxide::scanner: Discovering "/Users/salscodesvkm/vkm/catfish-landing/public/window.svg"
2026-01-10T19:57:41.885847Z  INFO get_files:scan_sources: tailwindcss_oxide::scanner: Discovering "/Users/salscodesvkm/vkm/catfish-landing/package.json"
2026-01-10T19:57:41.885908Z  INFO get_files:scan_sources: tailwindcss_oxide::scanner: Discovering "/Users/salscodesvkm/vkm/catfish-landing/lib"
2026-01-10T19:57:41.885962Z  INFO get_files:scan_sources: tailwindcss_oxide::scanner: Discovering "/Users/salscodesvkm/vkm/catfish-landing/lib/utils.ts"
2026-01-10T19:57:41.885989Z  INFO get_files:scan_sources: tailwindcss_oxide::scanner: Discovering "/Users/salscodesvkm/vkm/catfish-landing/components.json"
2026-01-10T19:57:41.886007Z  INFO get_files:scan_sources: tailwindcss_oxide::scanner: Discovering "/Users/salscodesvkm/vkm/catfish-landing/tsconfig.json"
2026-01-10T19:57:41.886111Z  INFO get_files:scan_sources: tailwindcss_oxide::scanner: Discovering "/Users/salscodesvkm/vkm/catfish-landing/.vscode"
2026-01-10T19:57:41.886199Z  INFO get_files:scan_sources: tailwindcss_oxide::scanner: Discovering "/Users/salscodesvkm/vkm/catfish-landing/.vscode/settings.json"
2026-01-10T19:57:41.886231Z  INFO get_files:scan_sources: tailwindcss_oxide::scanner: Discovering "/Users/salscodesvkm/vkm/catfish-landing/eslint.config.mjs"
2026-01-10T19:57:41.886252Z  INFO get_files:scan_sources: tailwindcss_oxide::scanner: Discovering "/Users/salscodesvkm/vkm/catfish-landing/next.config.ts"
2026-01-10T19:57:41.886312Z  INFO get_files:scan_sources: tailwindcss_oxide::scanner: exit
2026-01-10T19:57:41.886697Z  INFO get_files: tailwindcss_oxide::scanner: exit
2026-01-10T19:57:41.886756Z  INFO get_globs: tailwindcss_oxide::scanner: enter
2026-01-10T19:57:41.886765Z  INFO get_globs:scan_sources: tailwindcss_oxide::scanner: enter
2026-01-10T19:57:41.887455Z  INFO get_globs:scan_sources: tailwindcss_oxide::scanner: Discovering "/Users/salscodesvkm/vkm/catfish-landing/app"
2026-01-10T19:57:41.887559Z  INFO get_globs:scan_sources: tailwindcss_oxide::scanner: Discovering "/Users/salscodesvkm/vkm/catfish-landing/app/features"
2026-01-10T19:57:41.887649Z  INFO get_globs:scan_sources: tailwindcss_oxide::scanner: Discovering "/Users/salscodesvkm/vkm/catfish-landing/app/support"
2026-01-10T19:57:41.887804Z  INFO get_globs:scan_sources: tailwindcss_oxide::scanner: Discovering "/Users/salscodesvkm/vkm/catfish-landing/app/(main)"
2026-01-10T19:57:41.887887Z  INFO get_globs:scan_sources: tailwindcss_oxide::scanner: Discovering "/Users/salscodesvkm/vkm/catfish-landing/app/(main)/components"
2026-01-10T19:57:41.888177Z  INFO get_globs:scan_sources: tailwindcss_oxide::scanner: Discovering "/Users/salscodesvkm/vkm/catfish-landing/components"
2026-01-10T19:57:41.888249Z  INFO get_globs:scan_sources: tailwindcss_oxide::scanner: Discovering "/Users/salscodesvkm/vkm/catfish-landing/components/ui"
2026-01-10T19:57:41.888361Z  INFO get_globs:scan_sources: tailwindcss_oxide::scanner: Discovering "/Users/salscodesvkm/vkm/catfish-landing/components/shared"
2026-01-10T19:57:41.888471Z  INFO get_globs:scan_sources: tailwindcss_oxide::scanner: Discovering "/Users/salscodesvkm/vkm/catfish-landing/components/layouts"
2026-01-10T19:57:41.888560Z  INFO get_globs:scan_sources: tailwindcss_oxide::scanner: Discovering "/Users/salscodesvkm/vkm/catfish-landing/public"
2026-01-10T19:57:41.888673Z  INFO get_globs:scan_sources: tailwindcss_oxide::scanner: Discovering "/Users/salscodesvkm/vkm/catfish-landing/public/assets"
2026-01-10T19:57:41.889091Z  INFO get_globs:scan_sources: tailwindcss_oxide::scanner: Discovering "/Users/salscodesvkm/vkm/catfish-landing/lib"
2026-01-10T19:57:41.889250Z  INFO get_globs:scan_sources: tailwindcss_oxide::scanner: Discovering "/Users/salscodesvkm/vkm/catfish-landing/.vscode"
2026-01-10T19:57:41.889372Z  INFO get_globs:scan_sources: tailwindcss_oxide::scanner: exit
2026-01-10T19:57:41.892448Z  INFO get_globs: tailwindcss_oxide::scanner: exit
