2025-10-27T10:57:37.034706Z  INFO tailwindcss_oxide::scanner: Provided sources:
2025-10-27T10:57:37.035196Z  INFO tailwindcss_oxide::scanner: Source: PublicSourceEntry { base: "/Users/salscodes/vkm/catfish-landing", pattern: "**/*", negated: false }
2025-10-27T10:57:37.035779Z  INFO tailwindcss_oxide::scanner: Optimized sources:
2025-10-27T10:57:37.035805Z  INFO tailwindcss_oxide::scanner: Source: Auto { base: "/Users/salscodes/vkm/catfish-landing" }
2025-10-27T10:57:37.041983Z  INFO get_files: tailwindcss_oxide::scanner: enter
2025-10-27T10:57:37.042034Z  INFO get_files:scan_sources: tailwindcss_oxide::scanner: enter
2025-10-27T10:57:37.043705Z  INFO get_files:scan_sources: tailwindcss_oxide::scanner: Discovering "/Users/salscodes/vkm/catfish-landing/tailwind.config.js"
2025-10-27T10:57:37.043817Z  INFO get_files:scan_sources: tailwindcss_oxide::scanner: Discovering "/Users/salscodes/vkm/catfish-landing/app"
2025-10-27T10:57:37.043948Z  INFO get_files:scan_sources: tailwindcss_oxide::scanner: Discovering "/Users/salscodes/vkm/catfish-landing/app/(main)"
2025-10-27T10:57:37.044157Z  INFO get_files:scan_sources: tailwindcss_oxide::scanner: Discovering "/Users/salscodes/vkm/catfish-landing/app/(main)/layout.tsx"
2025-10-27T10:57:37.044217Z  INFO get_files:scan_sources: tailwindcss_oxide::scanner: Discovering "/Users/salscodes/vkm/catfish-landing/app/(main)/page.tsx"
2025-10-27T10:57:37.044559Z  INFO get_files:scan_sources: tailwindcss_oxide::scanner: Discovering "/Users/salscodes/vkm/catfish-landing/app/globals.css"
2025-10-27T10:57:37.044621Z  INFO get_files:scan_sources: tailwindcss_oxide::scanner: Discovering "/Users/salscodes/vkm/catfish-landing/postcss.config.mjs"
2025-10-27T10:57:37.044843Z  INFO get_files:scan_sources: tailwindcss_oxide::scanner: Discovering "/Users/salscodes/vkm/catfish-landing/README.md"
2025-10-27T10:57:37.044956Z  INFO get_files:scan_sources: tailwindcss_oxide::scanner: Discovering "/Users/salscodes/vkm/catfish-landing/public"
2025-10-27T10:57:37.045071Z  INFO get_files:scan_sources: tailwindcss_oxide::scanner: Discovering "/Users/salscodes/vkm/catfish-landing/public/file.svg"
2025-10-27T10:57:37.045118Z  INFO get_files:scan_sources: tailwindcss_oxide::scanner: Discovering "/Users/salscodes/vkm/catfish-landing/public/vercel.svg"
2025-10-27T10:57:37.045156Z  INFO get_files:scan_sources: tailwindcss_oxide::scanner: Discovering "/Users/salscodes/vkm/catfish-landing/public/next.svg"
2025-10-27T10:57:37.045188Z  INFO get_files:scan_sources: tailwindcss_oxide::scanner: Discovering "/Users/salscodes/vkm/catfish-landing/public/globe.svg"
2025-10-27T10:57:37.045244Z  INFO get_files:scan_sources: tailwindcss_oxide::scanner: Discovering "/Users/salscodes/vkm/catfish-landing/public/assets"
2025-10-27T10:57:37.045326Z  INFO get_files:scan_sources: tailwindcss_oxide::scanner: Discovering "/Users/salscodes/vkm/catfish-landing/public/assets/logo.svg"
2025-10-27T10:57:37.045385Z  INFO get_files:scan_sources: tailwindcss_oxide::scanner: Discovering "/Users/salscodes/vkm/catfish-landing/public/window.svg"
2025-10-27T10:57:37.045463Z  INFO get_files:scan_sources: tailwindcss_oxide::scanner: Discovering "/Users/salscodes/vkm/catfish-landing/package.json"
2025-10-27T10:57:37.045496Z  INFO get_files:scan_sources: tailwindcss_oxide::scanner: Discovering "/Users/salscodes/vkm/catfish-landing/tsconfig.json"
2025-10-27T10:57:37.045570Z  INFO get_files:scan_sources: tailwindcss_oxide::scanner: Discovering "/Users/salscodes/vkm/catfish-landing/.vscode"
2025-10-27T10:57:37.045644Z  INFO get_files:scan_sources: tailwindcss_oxide::scanner: Discovering "/Users/salscodes/vkm/catfish-landing/.vscode/settings.json"
2025-10-27T10:57:37.045691Z  INFO get_files:scan_sources: tailwindcss_oxide::scanner: Discovering "/Users/salscodes/vkm/catfish-landing/eslint.config.mjs"
2025-10-27T10:57:37.045728Z  INFO get_files:scan_sources: tailwindcss_oxide::scanner: Discovering "/Users/salscodes/vkm/catfish-landing/next.config.ts"
2025-10-27T10:57:37.045783Z  INFO get_files:scan_sources: tailwindcss_oxide::scanner: Discovering "/Users/salscodes/vkm/catfish-landing/src"
2025-10-27T10:57:37.045893Z  INFO get_files:scan_sources: tailwindcss_oxide::scanner: Discovering "/Users/salscodes/vkm/catfish-landing/src/components"
2025-10-27T10:57:37.045983Z  INFO get_files:scan_sources: tailwindcss_oxide::scanner: Discovering "/Users/salscodes/vkm/catfish-landing/src/components/shared"
2025-10-27T10:57:37.046063Z  INFO get_files:scan_sources: tailwindcss_oxide::scanner: Discovering "/Users/salscodes/vkm/catfish-landing/src/components/shared/navbar.tsx"
2025-10-27T10:57:37.046099Z  INFO get_files:scan_sources: tailwindcss_oxide::scanner: Discovering "/Users/salscodes/vkm/catfish-landing/src/components/shared/footer.tsx"
2025-10-27T10:57:37.046167Z  INFO get_files:scan_sources: tailwindcss_oxide::scanner: Discovering "/Users/salscodes/vkm/catfish-landing/src/components/layouts"
2025-10-27T10:57:37.046233Z  INFO get_files:scan_sources: tailwindcss_oxide::scanner: Discovering "/Users/salscodes/vkm/catfish-landing/src/components/layouts/flex-box.tsx"
2025-10-27T10:57:37.046290Z  INFO get_files:scan_sources: tailwindcss_oxide::scanner: Discovering "/Users/salscodes/vkm/catfish-landing/src/lib"
2025-10-27T10:57:37.046350Z  INFO get_files:scan_sources: tailwindcss_oxide::scanner: Discovering "/Users/salscodes/vkm/catfish-landing/src/lib/utils.ts"
2025-10-27T10:57:37.046715Z  INFO get_files:scan_sources: tailwindcss_oxide::scanner: exit
2025-10-27T10:57:37.047261Z  INFO get_files: tailwindcss_oxide::scanner: exit
2025-10-27T10:57:37.047351Z  INFO get_globs: tailwindcss_oxide::scanner: enter
2025-10-27T10:57:37.047367Z  INFO get_globs:scan_sources: tailwindcss_oxide::scanner: enter
2025-10-27T10:57:37.049233Z  INFO get_globs:scan_sources: tailwindcss_oxide::scanner: Discovering "/Users/salscodes/vkm/catfish-landing/app"
2025-10-27T10:57:37.049368Z  INFO get_globs:scan_sources: tailwindcss_oxide::scanner: Discovering "/Users/salscodes/vkm/catfish-landing/app/(main)"
2025-10-27T10:57:37.049690Z  INFO get_globs:scan_sources: tailwindcss_oxide::scanner: Discovering "/Users/salscodes/vkm/catfish-landing/public"
2025-10-27T10:57:37.049853Z  INFO get_globs:scan_sources: tailwindcss_oxide::scanner: Discovering "/Users/salscodes/vkm/catfish-landing/public/assets"
2025-10-27T10:57:37.050024Z  INFO get_globs:scan_sources: tailwindcss_oxide::scanner: Discovering "/Users/salscodes/vkm/catfish-landing/.vscode"
2025-10-27T10:57:37.050154Z  INFO get_globs:scan_sources: tailwindcss_oxide::scanner: Discovering "/Users/salscodes/vkm/catfish-landing/src"
2025-10-27T10:57:37.050242Z  INFO get_globs:scan_sources: tailwindcss_oxide::scanner: Discovering "/Users/salscodes/vkm/catfish-landing/src/components"
2025-10-27T10:57:37.050333Z  INFO get_globs:scan_sources: tailwindcss_oxide::scanner: Discovering "/Users/salscodes/vkm/catfish-landing/src/components/shared"
2025-10-27T10:57:37.050458Z  INFO get_globs:scan_sources: tailwindcss_oxide::scanner: Discovering "/Users/salscodes/vkm/catfish-landing/src/components/layouts"
2025-10-27T10:57:37.051615Z  INFO get_globs:scan_sources: tailwindcss_oxide::scanner: Discovering "/Users/salscodes/vkm/catfish-landing/src/lib"
2025-10-27T10:57:37.051862Z  INFO get_globs:scan_sources: tailwindcss_oxide::scanner: exit
2025-10-27T10:57:37.055093Z  INFO get_globs: tailwindcss_oxide::scanner: exit
