2025-10-27T07:47:55.680733Z  INFO tailwindcss_oxide::scanner: Provided sources:
2025-10-27T07:47:55.681188Z  INFO tailwindcss_oxide::scanner: Source: PublicSourceEntry { base: "/Users/salscodes/vkm/catfish-landing", pattern: "**/*", negated: false }
2025-10-27T07:47:55.681787Z  INFO tailwindcss_oxide::scanner: Optimized sources:
2025-10-27T07:47:55.681812Z  INFO tailwindcss_oxide::scanner: Source: Auto { base: "/Users/salscodes/vkm/catfish-landing" }
2025-10-27T07:47:55.688516Z  INFO get_files: tailwindcss_oxide::scanner: enter
2025-10-27T07:47:55.688549Z  INFO get_files:scan_sources: tailwindcss_oxide::scanner: enter
2025-10-27T07:47:55.690088Z  INFO get_files:scan_sources: tailwindcss_oxide::scanner: Discovering "/Users/salscodes/vkm/catfish-landing/app"
2025-10-27T07:47:55.690206Z  INFO get_files:scan_sources: tailwindcss_oxide::scanner: Discovering "/Users/salscodes/vkm/catfish-landing/app/layout.tsx"
2025-10-27T07:47:55.690257Z  INFO get_files:scan_sources: tailwindcss_oxide::scanner: Discovering "/Users/salscodes/vkm/catfish-landing/app/page.tsx"
2025-10-27T07:47:55.690291Z  INFO get_files:scan_sources: tailwindcss_oxide::scanner: Discovering "/Users/salscodes/vkm/catfish-landing/app/globals.css"
2025-10-27T07:47:55.690656Z  INFO get_files:scan_sources: tailwindcss_oxide::scanner: Discovering "/Users/salscodes/vkm/catfish-landing/postcss.config.mjs"
2025-10-27T07:47:55.690861Z  INFO get_files:scan_sources: tailwindcss_oxide::scanner: Discovering "/Users/salscodes/vkm/catfish-landing/README.md"
2025-10-27T07:47:55.690915Z  INFO get_files:scan_sources: tailwindcss_oxide::scanner: Discovering "/Users/salscodes/vkm/catfish-landing/public"
2025-10-27T07:47:55.690995Z  INFO get_files:scan_sources: tailwindcss_oxide::scanner: Discovering "/Users/salscodes/vkm/catfish-landing/public/file.svg"
2025-10-27T07:47:55.691040Z  INFO get_files:scan_sources: tailwindcss_oxide::scanner: Discovering "/Users/salscodes/vkm/catfish-landing/public/vercel.svg"
2025-10-27T07:47:55.691088Z  INFO get_files:scan_sources: tailwindcss_oxide::scanner: Discovering "/Users/salscodes/vkm/catfish-landing/public/next.svg"
2025-10-27T07:47:55.691128Z  INFO get_files:scan_sources: tailwindcss_oxide::scanner: Discovering "/Users/salscodes/vkm/catfish-landing/public/globe.svg"
2025-10-27T07:47:55.691166Z  INFO get_files:scan_sources: tailwindcss_oxide::scanner: Discovering "/Users/salscodes/vkm/catfish-landing/public/window.svg"
2025-10-27T07:47:55.691233Z  INFO get_files:scan_sources: tailwindcss_oxide::scanner: Discovering "/Users/salscodes/vkm/catfish-landing/package.json"
2025-10-27T07:47:55.691263Z  INFO get_files:scan_sources: tailwindcss_oxide::scanner: Discovering "/Users/salscodes/vkm/catfish-landing/tsconfig.json"
2025-10-27T07:47:55.691291Z  INFO get_files:scan_sources: tailwindcss_oxide::scanner: Discovering "/Users/salscodes/vkm/catfish-landing/eslint.config.mjs"
2025-10-27T07:47:55.691318Z  INFO get_files:scan_sources: tailwindcss_oxide::scanner: Discovering "/Users/salscodes/vkm/catfish-landing/next.config.ts"
2025-10-27T07:47:55.691640Z  INFO get_files:scan_sources: tailwindcss_oxide::scanner: exit
2025-10-27T07:47:55.703324Z  INFO get_files: tailwindcss_oxide::scanner: exit
2025-10-27T07:47:55.703407Z  INFO get_globs: tailwindcss_oxide::scanner: enter
2025-10-27T07:47:55.703423Z  INFO get_globs:scan_sources: tailwindcss_oxide::scanner: enter
2025-10-27T07:47:55.704130Z  INFO get_globs:scan_sources: tailwindcss_oxide::scanner: Discovering "/Users/salscodes/vkm/catfish-landing/app"
2025-10-27T07:47:55.704405Z  INFO get_globs:scan_sources: tailwindcss_oxide::scanner: Discovering "/Users/salscodes/vkm/catfish-landing/public"
2025-10-27T07:47:55.704612Z  INFO get_globs:scan_sources: tailwindcss_oxide::scanner: exit
2025-10-27T07:47:55.706479Z  INFO get_globs: tailwindcss_oxide::scanner: exit
