2025-10-24T08:38:46.278671Z  INFO tailwindcss_oxide::scanner: Provided sources:
2025-10-24T08:38:46.278765Z  INFO tailwindcss_oxide::scanner: Source: PublicSourceEntry { base: "/Users/salscodes/vkm/catfish-landing", pattern: "**/*", negated: false }
2025-10-24T08:38:46.278879Z  INFO tailwindcss_oxide::scanner: Optimized sources:
2025-10-24T08:38:46.278894Z  INFO tailwindcss_oxide::scanner: Source: Auto { base: "/Users/salscodes/vkm/catfish-landing" }
2025-10-24T08:38:46.281068Z  INFO get_files: tailwindcss_oxide::scanner: enter
2025-10-24T08:38:46.281105Z  INFO get_files:scan_sources: tailwindcss_oxide::scanner: enter
2025-10-24T08:38:46.281976Z  INFO get_files:scan_sources: tailwindcss_oxide::scanner: Discovering "/Users/salscodes/vkm/catfish-landing/app"
2025-10-24T08:38:46.282070Z  INFO get_files:scan_sources: tailwindcss_oxide::scanner: Discovering "/Users/salscodes/vkm/catfish-landing/app/layout.tsx"
2025-10-24T08:38:46.282108Z  INFO get_files:scan_sources: tailwindcss_oxide::scanner: Discovering "/Users/salscodes/vkm/catfish-landing/app/page.tsx"
2025-10-24T08:38:46.282141Z  INFO get_files:scan_sources: tailwindcss_oxide::scanner: Discovering "/Users/salscodes/vkm/catfish-landing/app/globals.css"
2025-10-24T08:38:46.282188Z  INFO get_files:scan_sources: tailwindcss_oxide::scanner: Discovering "/Users/salscodes/vkm/catfish-landing/postcss.config.mjs"
2025-10-24T08:38:46.282369Z  INFO get_files:scan_sources: tailwindcss_oxide::scanner: Discovering "/Users/salscodes/vkm/catfish-landing/README.md"
2025-10-24T08:38:46.282421Z  INFO get_files:scan_sources: tailwindcss_oxide::scanner: Discovering "/Users/salscodes/vkm/catfish-landing/public"
2025-10-24T08:38:46.282485Z  INFO get_files:scan_sources: tailwindcss_oxide::scanner: Discovering "/Users/salscodes/vkm/catfish-landing/public/file.svg"
2025-10-24T08:38:46.282518Z  INFO get_files:scan_sources: tailwindcss_oxide::scanner: Discovering "/Users/salscodes/vkm/catfish-landing/public/vercel.svg"
2025-10-24T08:38:46.282555Z  INFO get_files:scan_sources: tailwindcss_oxide::scanner: Discovering "/Users/salscodes/vkm/catfish-landing/public/next.svg"
2025-10-24T08:38:46.282583Z  INFO get_files:scan_sources: tailwindcss_oxide::scanner: Discovering "/Users/salscodes/vkm/catfish-landing/public/globe.svg"
2025-10-24T08:38:46.282612Z  INFO get_files:scan_sources: tailwindcss_oxide::scanner: Discovering "/Users/salscodes/vkm/catfish-landing/public/window.svg"
2025-10-24T08:38:46.282666Z  INFO get_files:scan_sources: tailwindcss_oxide::scanner: Discovering "/Users/salscodes/vkm/catfish-landing/package.json"
2025-10-24T08:38:46.282694Z  INFO get_files:scan_sources: tailwindcss_oxide::scanner: Discovering "/Users/salscodes/vkm/catfish-landing/tsconfig.json"
2025-10-24T08:38:46.282725Z  INFO get_files:scan_sources: tailwindcss_oxide::scanner: Discovering "/Users/salscodes/vkm/catfish-landing/eslint.config.mjs"
2025-10-24T08:38:46.282764Z  INFO get_files:scan_sources: tailwindcss_oxide::scanner: Discovering "/Users/salscodes/vkm/catfish-landing/next.config.ts"
2025-10-24T08:38:46.282843Z  INFO get_files:scan_sources: tailwindcss_oxide::scanner: exit
2025-10-24T08:38:46.283399Z  INFO get_files: tailwindcss_oxide::scanner: exit
2025-10-24T08:38:46.283461Z  INFO get_globs: tailwindcss_oxide::scanner: enter
2025-10-24T08:38:46.283476Z  INFO get_globs:scan_sources: tailwindcss_oxide::scanner: enter
2025-10-24T08:38:46.284178Z  INFO get_globs:scan_sources: tailwindcss_oxide::scanner: Discovering "/Users/salscodes/vkm/catfish-landing/app"
2025-10-24T08:38:46.284471Z  INFO get_globs:scan_sources: tailwindcss_oxide::scanner: Discovering "/Users/salscodes/vkm/catfish-landing/public"
2025-10-24T08:38:46.284689Z  INFO get_globs:scan_sources: tailwindcss_oxide::scanner: exit
2025-10-24T08:38:46.286617Z  INFO get_globs: tailwindcss_oxide::scanner: exit
