2025-10-27T10:56:20.075885Z  INFO tailwindcss_oxide::scanner: Provided sources:
2025-10-27T10:56:20.076466Z  INFO tailwindcss_oxide::scanner: Source: PublicSourceEntry { base: "/Users/salscodes/vkm/catfish-landing", pattern: "**/*", negated: false }
2025-10-27T10:56:20.076604Z  INFO tailwindcss_oxide::scanner: Optimized sources:
2025-10-27T10:56:20.076621Z  INFO tailwindcss_oxide::scanner: Source: Auto { base: "/Users/salscodes/vkm/catfish-landing" }
2025-10-27T10:56:20.079931Z  INFO get_files: tailwindcss_oxide::scanner: enter
2025-10-27T10:56:20.079976Z  INFO get_files:scan_sources: tailwindcss_oxide::scanner: enter
2025-10-27T10:56:20.081069Z  INFO get_files:scan_sources: tailwindcss_oxide::scanner: Discovering "/Users/salscodes/vkm/catfish-landing/tailwind.config.js"
2025-10-27T10:56:20.081255Z  INFO get_files:scan_sources: tailwindcss_oxide::scanner: Discovering "/Users/salscodes/vkm/catfish-landing/app"
2025-10-27T10:56:20.081390Z  INFO get_files:scan_sources: tailwindcss_oxide::scanner: Discovering "/Users/salscodes/vkm/catfish-landing/app/(main)"
2025-10-27T10:56:20.081468Z  INFO get_files:scan_sources: tailwindcss_oxide::scanner: Discovering "/Users/salscodes/vkm/catfish-landing/app/(main)/layout.tsx"
2025-10-27T10:56:20.081552Z  INFO get_files:scan_sources: tailwindcss_oxide::scanner: Discovering "/Users/salscodes/vkm/catfish-landing/postcss.config.mjs"
2025-10-27T10:56:20.081735Z  INFO get_files:scan_sources: tailwindcss_oxide::scanner: Discovering "/Users/salscodes/vkm/catfish-landing/README.md"
2025-10-27T10:56:20.081801Z  INFO get_files:scan_sources: tailwindcss_oxide::scanner: Discovering "/Users/salscodes/vkm/catfish-landing/public"
2025-10-27T10:56:20.081886Z  INFO get_files:scan_sources: tailwindcss_oxide::scanner: Discovering "/Users/salscodes/vkm/catfish-landing/public/file.svg"
2025-10-27T10:56:20.081927Z  INFO get_files:scan_sources: tailwindcss_oxide::scanner: Discovering "/Users/salscodes/vkm/catfish-landing/public/vercel.svg"
2025-10-27T10:56:20.081962Z  INFO get_files:scan_sources: tailwindcss_oxide::scanner: Discovering "/Users/salscodes/vkm/catfish-landing/public/next.svg"
2025-10-27T10:56:20.082002Z  INFO get_files:scan_sources: tailwindcss_oxide::scanner: Discovering "/Users/salscodes/vkm/catfish-landing/public/globe.svg"
2025-10-27T10:56:20.082062Z  INFO get_files:scan_sources: tailwindcss_oxide::scanner: Discovering "/Users/salscodes/vkm/catfish-landing/public/assets"
2025-10-27T10:56:20.082131Z  INFO get_files:scan_sources: tailwindcss_oxide::scanner: Discovering "/Users/salscodes/vkm/catfish-landing/public/assets/logo.svg"
2025-10-27T10:56:20.082174Z  INFO get_files:scan_sources: tailwindcss_oxide::scanner: Discovering "/Users/salscodes/vkm/catfish-landing/public/window.svg"
2025-10-27T10:56:20.082236Z  INFO get_files:scan_sources: tailwindcss_oxide::scanner: Discovering "/Users/salscodes/vkm/catfish-landing/package.json"
2025-10-27T10:56:20.082299Z  INFO get_files:scan_sources: tailwindcss_oxide::scanner: Discovering "/Users/salscodes/vkm/catfish-landing/lib"
2025-10-27T10:56:20.082366Z  INFO get_files:scan_sources: tailwindcss_oxide::scanner: Discovering "/Users/salscodes/vkm/catfish-landing/lib/utils.ts"
2025-10-27T10:56:20.082404Z  INFO get_files:scan_sources: tailwindcss_oxide::scanner: Discovering "/Users/salscodes/vkm/catfish-landing/components.json"
2025-10-27T10:56:20.082439Z  INFO get_files:scan_sources: tailwindcss_oxide::scanner: Discovering "/Users/salscodes/vkm/catfish-landing/tsconfig.json"
2025-10-27T10:56:20.082501Z  INFO get_files:scan_sources: tailwindcss_oxide::scanner: Discovering "/Users/salscodes/vkm/catfish-landing/.vscode"
2025-10-27T10:56:20.082582Z  INFO get_files:scan_sources: tailwindcss_oxide::scanner: Discovering "/Users/salscodes/vkm/catfish-landing/.vscode/settings.json"
2025-10-27T10:56:20.082646Z  INFO get_files:scan_sources: tailwindcss_oxide::scanner: Discovering "/Users/salscodes/vkm/catfish-landing/@src"
2025-10-27T10:56:20.082737Z  INFO get_files:scan_sources: tailwindcss_oxide::scanner: Discovering "/Users/salscodes/vkm/catfish-landing/@src/components"
2025-10-27T10:56:20.082849Z  INFO get_files:scan_sources: tailwindcss_oxide::scanner: Discovering "/Users/salscodes/vkm/catfish-landing/@src/components/ui"
2025-10-27T10:56:20.082929Z  INFO get_files:scan_sources: tailwindcss_oxide::scanner: Discovering "/Users/salscodes/vkm/catfish-landing/@src/components/ui/button.tsx"
2025-10-27T10:56:20.082990Z  INFO get_files:scan_sources: tailwindcss_oxide::scanner: Discovering "/Users/salscodes/vkm/catfish-landing/eslint.config.mjs"
2025-10-27T10:56:20.083023Z  INFO get_files:scan_sources: tailwindcss_oxide::scanner: Discovering "/Users/salscodes/vkm/catfish-landing/next.config.ts"
2025-10-27T10:56:20.083073Z  INFO get_files:scan_sources: tailwindcss_oxide::scanner: Discovering "/Users/salscodes/vkm/catfish-landing/src"
2025-10-27T10:56:20.083156Z  INFO get_files:scan_sources: tailwindcss_oxide::scanner: Discovering "/Users/salscodes/vkm/catfish-landing/src/app"
2025-10-27T10:56:20.083250Z  INFO get_files:scan_sources: tailwindcss_oxide::scanner: Discovering "/Users/salscodes/vkm/catfish-landing/src/app/(main)"
2025-10-27T10:56:20.083319Z  INFO get_files:scan_sources: tailwindcss_oxide::scanner: Discovering "/Users/salscodes/vkm/catfish-landing/src/app/(main)/layout.tsx"
2025-10-27T10:56:20.083353Z  INFO get_files:scan_sources: tailwindcss_oxide::scanner: Discovering "/Users/salscodes/vkm/catfish-landing/src/app/(main)/page.tsx"
2025-10-27T10:56:20.083386Z  INFO get_files:scan_sources: tailwindcss_oxide::scanner: Discovering "/Users/salscodes/vkm/catfish-landing/src/app/globals.css"
2025-10-27T10:56:20.083439Z  INFO get_files:scan_sources: tailwindcss_oxide::scanner: Discovering "/Users/salscodes/vkm/catfish-landing/src/components"
2025-10-27T10:56:20.083516Z  INFO get_files:scan_sources: tailwindcss_oxide::scanner: Discovering "/Users/salscodes/vkm/catfish-landing/src/components/shared"
2025-10-27T10:56:20.083578Z  INFO get_files:scan_sources: tailwindcss_oxide::scanner: Discovering "/Users/salscodes/vkm/catfish-landing/src/components/shared/navbar.tsx"
2025-10-27T10:56:20.083607Z  INFO get_files:scan_sources: tailwindcss_oxide::scanner: Discovering "/Users/salscodes/vkm/catfish-landing/src/components/shared/footer.tsx"
2025-10-27T10:56:20.083658Z  INFO get_files:scan_sources: tailwindcss_oxide::scanner: Discovering "/Users/salscodes/vkm/catfish-landing/src/components/layouts"
2025-10-27T10:56:20.083715Z  INFO get_files:scan_sources: tailwindcss_oxide::scanner: Discovering "/Users/salscodes/vkm/catfish-landing/src/components/layouts/flex-box.tsx"
2025-10-27T10:56:20.083769Z  INFO get_files:scan_sources: tailwindcss_oxide::scanner: Discovering "/Users/salscodes/vkm/catfish-landing/src/lib"
2025-10-27T10:56:20.083834Z  INFO get_files:scan_sources: tailwindcss_oxide::scanner: Discovering "/Users/salscodes/vkm/catfish-landing/src/lib/utils.ts"
2025-10-27T10:56:20.083927Z  INFO get_files:scan_sources: tailwindcss_oxide::scanner: exit
2025-10-27T10:56:20.084490Z  INFO get_files: tailwindcss_oxide::scanner: exit
2025-10-27T10:56:20.084561Z  INFO get_globs: tailwindcss_oxide::scanner: enter
2025-10-27T10:56:20.084575Z  INFO get_globs:scan_sources: tailwindcss_oxide::scanner: enter
2025-10-27T10:56:20.085468Z  INFO get_globs:scan_sources: tailwindcss_oxide::scanner: Discovering "/Users/salscodes/vkm/catfish-landing/app"
2025-10-27T10:56:20.085565Z  INFO get_globs:scan_sources: tailwindcss_oxide::scanner: Discovering "/Users/salscodes/vkm/catfish-landing/app/(main)"
2025-10-27T10:56:20.085858Z  INFO get_globs:scan_sources: tailwindcss_oxide::scanner: Discovering "/Users/salscodes/vkm/catfish-landing/public"
2025-10-27T10:56:20.086138Z  INFO get_globs:scan_sources: tailwindcss_oxide::scanner: Discovering "/Users/salscodes/vkm/catfish-landing/public/assets"
2025-10-27T10:56:20.086323Z  INFO get_globs:scan_sources: tailwindcss_oxide::scanner: Discovering "/Users/salscodes/vkm/catfish-landing/lib"
2025-10-27T10:56:20.086462Z  INFO get_globs:scan_sources: tailwindcss_oxide::scanner: Discovering "/Users/salscodes/vkm/catfish-landing/.vscode"
2025-10-27T10:56:20.086568Z  INFO get_globs:scan_sources: tailwindcss_oxide::scanner: Discovering "/Users/salscodes/vkm/catfish-landing/@src"
2025-10-27T10:56:20.086672Z  INFO get_globs:scan_sources: tailwindcss_oxide::scanner: Discovering "/Users/salscodes/vkm/catfish-landing/@src/components"
2025-10-27T10:56:20.086750Z  INFO get_globs:scan_sources: tailwindcss_oxide::scanner: Discovering "/Users/salscodes/vkm/catfish-landing/@src/components/ui"
2025-10-27T10:56:20.086888Z  INFO get_globs:scan_sources: tailwindcss_oxide::scanner: Discovering "/Users/salscodes/vkm/catfish-landing/src"
2025-10-27T10:56:20.086983Z  INFO get_globs:scan_sources: tailwindcss_oxide::scanner: Discovering "/Users/salscodes/vkm/catfish-landing/src/app"
2025-10-27T10:56:20.087073Z  INFO get_globs:scan_sources: tailwindcss_oxide::scanner: Discovering "/Users/salscodes/vkm/catfish-landing/src/app/(main)"
2025-10-27T10:56:20.087299Z  INFO get_globs:scan_sources: tailwindcss_oxide::scanner: Discovering "/Users/salscodes/vkm/catfish-landing/src/components"
2025-10-27T10:56:20.087392Z  INFO get_globs:scan_sources: tailwindcss_oxide::scanner: Discovering "/Users/salscodes/vkm/catfish-landing/src/components/shared"
2025-10-27T10:56:20.087504Z  INFO get_globs:scan_sources: tailwindcss_oxide::scanner: Discovering "/Users/salscodes/vkm/catfish-landing/src/components/layouts"
2025-10-27T10:56:20.087612Z  INFO get_globs:scan_sources: tailwindcss_oxide::scanner: Discovering "/Users/salscodes/vkm/catfish-landing/src/lib"
2025-10-27T10:56:20.087738Z  INFO get_globs:scan_sources: tailwindcss_oxide::scanner: exit
2025-10-27T10:56:20.092103Z  INFO get_globs: tailwindcss_oxide::scanner: exit
