2025-11-09T09:37:06.735691Z  INFO tailwindcss_oxide::scanner: Provided sources:
2025-11-09T09:37:06.736380Z  INFO tailwindcss_oxide::scanner: Source: PublicSourceEntry { base: "/Users/salscodes/vkm/catfish-landing", pattern: "**/*", negated: false }
2025-11-09T09:37:06.737403Z  INFO tailwindcss_oxide::scanner: Optimized sources:
2025-11-09T09:37:06.737485Z  INFO tailwindcss_oxide::scanner: Source: Auto { base: "/Users/salscodes/vkm/catfish-landing" }
2025-11-09T09:37:06.747179Z  INFO get_files: tailwindcss_oxide::scanner: enter
2025-11-09T09:37:06.747213Z  INFO get_files:scan_sources: tailwindcss_oxide::scanner: enter
2025-11-09T09:37:06.750280Z  INFO get_files:scan_sources: tailwindcss_oxide::scanner: Discovering "/Users/salscodes/vkm/catfish-landing/app"
2025-11-09T09:37:06.750393Z  INFO get_files:scan_sources: tailwindcss_oxide::scanner: Discovering "/Users/salscodes/vkm/catfish-landing/app/(main)"
2025-11-09T09:37:06.750468Z  INFO get_files:scan_sources: tailwindcss_oxide::scanner: Discovering "/Users/salscodes/vkm/catfish-landing/app/(main)/layout.tsx"
2025-11-09T09:37:06.750523Z  INFO get_files:scan_sources: tailwindcss_oxide::scanner: Discovering "/Users/salscodes/vkm/catfish-landing/app/(main)/page.tsx"
2025-11-09T09:37:06.750882Z  INFO get_files:scan_sources: tailwindcss_oxide::scanner: Discovering "/Users/salscodes/vkm/catfish-landing/app/globals.css"
2025-11-09T09:37:06.750969Z  INFO get_files:scan_sources: tailwindcss_oxide::scanner: Discovering "/Users/salscodes/vkm/catfish-landing/postcss.config.mjs"
2025-11-09T09:37:06.751349Z  INFO get_files:scan_sources: tailwindcss_oxide::scanner: Discovering "/Users/salscodes/vkm/catfish-landing/utils.ts"
2025-11-09T09:37:06.751511Z  INFO get_files:scan_sources: tailwindcss_oxide::scanner: Discovering "/Users/salscodes/vkm/catfish-landing/README.md"
2025-11-09T09:37:06.751576Z  INFO get_files:scan_sources: tailwindcss_oxide::scanner: Discovering "/Users/salscodes/vkm/catfish-landing/components"
2025-11-09T09:37:06.751660Z  INFO get_files:scan_sources: tailwindcss_oxide::scanner: Discovering "/Users/salscodes/vkm/catfish-landing/components/ui"
2025-11-09T09:37:06.751722Z  INFO get_files:scan_sources: tailwindcss_oxide::scanner: Discovering "/Users/salscodes/vkm/catfish-landing/components/ui/separator.tsx"
2025-11-09T09:37:06.751776Z  INFO get_files:scan_sources: tailwindcss_oxide::scanner: Discovering "/Users/salscodes/vkm/catfish-landing/components/ui/button.tsx"
2025-11-09T09:37:06.751830Z  INFO get_files:scan_sources: tailwindcss_oxide::scanner: Discovering "/Users/salscodes/vkm/catfish-landing/components/shared"
2025-11-09T09:37:06.751888Z  INFO get_files:scan_sources: tailwindcss_oxide::scanner: Discovering "/Users/salscodes/vkm/catfish-landing/components/shared/hero.tsx"
2025-11-09T09:37:06.751919Z  INFO get_files:scan_sources: tailwindcss_oxide::scanner: Discovering "/Users/salscodes/vkm/catfish-landing/components/shared/navbar.tsx"
2025-11-09T09:37:06.751946Z  INFO get_files:scan_sources: tailwindcss_oxide::scanner: Discovering "/Users/salscodes/vkm/catfish-landing/components/shared/footer.tsx"
2025-11-09T09:37:06.752012Z  INFO get_files:scan_sources: tailwindcss_oxide::scanner: Discovering "/Users/salscodes/vkm/catfish-landing/components/layouts"
2025-11-09T09:37:06.752073Z  INFO get_files:scan_sources: tailwindcss_oxide::scanner: Discovering "/Users/salscodes/vkm/catfish-landing/components/layouts/flex-box.tsx"
2025-11-09T09:37:06.752136Z  INFO get_files:scan_sources: tailwindcss_oxide::scanner: Discovering "/Users/salscodes/vkm/catfish-landing/public"
2025-11-09T09:37:06.752212Z  INFO get_files:scan_sources: tailwindcss_oxide::scanner: Discovering "/Users/salscodes/vkm/catfish-landing/public/file.svg"
2025-11-09T09:37:06.752242Z  INFO get_files:scan_sources: tailwindcss_oxide::scanner: Discovering "/Users/salscodes/vkm/catfish-landing/public/vercel.svg"
2025-11-09T09:37:06.752275Z  INFO get_files:scan_sources: tailwindcss_oxide::scanner: Discovering "/Users/salscodes/vkm/catfish-landing/public/next.svg"
2025-11-09T09:37:06.752303Z  INFO get_files:scan_sources: tailwindcss_oxide::scanner: Discovering "/Users/salscodes/vkm/catfish-landing/public/globe.svg"
2025-11-09T09:37:06.752360Z  INFO get_files:scan_sources: tailwindcss_oxide::scanner: Discovering "/Users/salscodes/vkm/catfish-landing/public/assets"
2025-11-09T09:37:06.752435Z  INFO get_files:scan_sources: tailwindcss_oxide::scanner: Discovering "/Users/salscodes/vkm/catfish-landing/public/assets/acp.svg"
2025-11-09T09:37:06.752785Z  INFO get_files:scan_sources: tailwindcss_oxide::scanner: Discovering "/Users/salscodes/vkm/catfish-landing/public/assets/rectangle.svg"
2025-11-09T09:37:06.752834Z  INFO get_files:scan_sources: tailwindcss_oxide::scanner: Discovering "/Users/salscodes/vkm/catfish-landing/public/assets/catfish_dashboard.svg"
2025-11-09T09:37:06.752873Z  INFO get_files:scan_sources: tailwindcss_oxide::scanner: Discovering "/Users/salscodes/vkm/catfish-landing/public/assets/key_feat.svg"
2025-11-09T09:37:06.752909Z  INFO get_files:scan_sources: tailwindcss_oxide::scanner: Discovering "/Users/salscodes/vkm/catfish-landing/public/assets/german.svg"
2025-11-09T09:37:06.752943Z  INFO get_files:scan_sources: tailwindcss_oxide::scanner: Discovering "/Users/salscodes/vkm/catfish-landing/public/assets/fao.svg"
2025-11-09T09:37:06.752989Z  INFO get_files:scan_sources: tailwindcss_oxide::scanner: Discovering "/Users/salscodes/vkm/catfish-landing/public/assets/manage_farm_section.svg"
2025-11-09T09:37:06.753294Z  INFO get_files:scan_sources: tailwindcss_oxide::scanner: Discovering "/Users/salscodes/vkm/catfish-landing/public/assets/record.svg"
2025-11-09T09:37:06.753352Z  INFO get_files:scan_sources: tailwindcss_oxide::scanner: Discovering "/Users/salscodes/vkm/catfish-landing/public/assets/donut.svg"
2025-11-09T09:37:06.753395Z  INFO get_files:scan_sources: tailwindcss_oxide::scanner: Discovering "/Users/salscodes/vkm/catfish-landing/public/assets/catfish_dash.svg"
2025-11-09T09:37:06.753431Z  INFO get_files:scan_sources: tailwindcss_oxide::scanner: Discovering "/Users/salscodes/vkm/catfish-landing/public/assets/feat.svg"
2025-11-09T09:37:06.753488Z  INFO get_files:scan_sources: tailwindcss_oxide::scanner: Discovering "/Users/salscodes/vkm/catfish-landing/public/assets/Frame 1618869453.svg"
2025-11-09T09:37:06.753541Z  INFO get_files:scan_sources: tailwindcss_oxide::scanner: Discovering "/Users/salscodes/vkm/catfish-landing/public/assets/eu.svg"
2025-11-09T09:37:06.753589Z  INFO get_files:scan_sources: tailwindcss_oxide::scanner: Discovering "/Users/salscodes/vkm/catfish-landing/public/assets/logo.svg"
2025-11-09T09:37:06.753631Z  INFO get_files:scan_sources: tailwindcss_oxide::scanner: Discovering "/Users/salscodes/vkm/catfish-landing/public/window.svg"
2025-11-09T09:37:06.753688Z  INFO get_files:scan_sources: tailwindcss_oxide::scanner: Discovering "/Users/salscodes/vkm/catfish-landing/package.json"
2025-11-09T09:37:06.753739Z  INFO get_files:scan_sources: tailwindcss_oxide::scanner: Discovering "/Users/salscodes/vkm/catfish-landing/lib"
2025-11-09T09:37:06.753796Z  INFO get_files:scan_sources: tailwindcss_oxide::scanner: Discovering "/Users/salscodes/vkm/catfish-landing/lib/utils.ts"
2025-11-09T09:37:06.753829Z  INFO get_files:scan_sources: tailwindcss_oxide::scanner: Discovering "/Users/salscodes/vkm/catfish-landing/components.json"
2025-11-09T09:37:06.753859Z  INFO get_files:scan_sources: tailwindcss_oxide::scanner: Discovering "/Users/salscodes/vkm/catfish-landing/tsconfig.json"
2025-11-09T09:37:06.753911Z  INFO get_files:scan_sources: tailwindcss_oxide::scanner: Discovering "/Users/salscodes/vkm/catfish-landing/.vscode"
2025-11-09T09:37:06.753966Z  INFO get_files:scan_sources: tailwindcss_oxide::scanner: Discovering "/Users/salscodes/vkm/catfish-landing/.vscode/settings.json"
2025-11-09T09:37:06.753999Z  INFO get_files:scan_sources: tailwindcss_oxide::scanner: Discovering "/Users/salscodes/vkm/catfish-landing/eslint.config.mjs"
2025-11-09T09:37:06.754103Z  INFO get_files:scan_sources: tailwindcss_oxide::scanner: Discovering "/Users/salscodes/vkm/catfish-landing/next.config.ts"
2025-11-09T09:37:06.755026Z  INFO get_files:scan_sources: tailwindcss_oxide::scanner: exit
2025-11-09T09:37:06.786125Z  INFO get_files: tailwindcss_oxide::scanner: exit
2025-11-09T09:37:06.786205Z  INFO get_globs: tailwindcss_oxide::scanner: enter
2025-11-09T09:37:06.786219Z  INFO get_globs:scan_sources: tailwindcss_oxide::scanner: enter
2025-11-09T09:37:06.787150Z  INFO get_globs:scan_sources: tailwindcss_oxide::scanner: Discovering "/Users/salscodes/vkm/catfish-landing/app"
2025-11-09T09:37:06.787265Z  INFO get_globs:scan_sources: tailwindcss_oxide::scanner: Discovering "/Users/salscodes/vkm/catfish-landing/app/(main)"
2025-11-09T09:37:06.787574Z  INFO get_globs:scan_sources: tailwindcss_oxide::scanner: Discovering "/Users/salscodes/vkm/catfish-landing/components"
2025-11-09T09:37:06.787666Z  INFO get_globs:scan_sources: tailwindcss_oxide::scanner: Discovering "/Users/salscodes/vkm/catfish-landing/components/ui"
2025-11-09T09:37:06.787787Z  INFO get_globs:scan_sources: tailwindcss_oxide::scanner: Discovering "/Users/salscodes/vkm/catfish-landing/components/shared"
2025-11-09T09:37:06.787898Z  INFO get_globs:scan_sources: tailwindcss_oxide::scanner: Discovering "/Users/salscodes/vkm/catfish-landing/components/layouts"
2025-11-09T09:37:06.787998Z  INFO get_globs:scan_sources: tailwindcss_oxide::scanner: Discovering "/Users/salscodes/vkm/catfish-landing/public"
2025-11-09T09:37:06.788137Z  INFO get_globs:scan_sources: tailwindcss_oxide::scanner: Discovering "/Users/salscodes/vkm/catfish-landing/public/assets"
2025-11-09T09:37:06.791812Z  INFO get_globs:scan_sources: tailwindcss_oxide::scanner: Discovering "/Users/salscodes/vkm/catfish-landing/lib"
2025-11-09T09:37:06.791982Z  INFO get_globs:scan_sources: tailwindcss_oxide::scanner: Discovering "/Users/salscodes/vkm/catfish-landing/.vscode"
2025-11-09T09:37:06.792129Z  INFO get_globs:scan_sources: tailwindcss_oxide::scanner: exit
2025-11-09T09:37:06.796253Z  INFO get_globs: tailwindcss_oxide::scanner: exit
