2025-11-09T17:14:42.136002Z  INFO tailwindcss_oxide::scanner: Provided sources:
2025-11-09T17:14:42.136094Z  INFO tailwindcss_oxide::scanner: Source: PublicSourceEntry { base: "/Users/salscodesvkm/vkm/catfish-landing", pattern: "**/*", negated: false }
2025-11-09T17:14:42.136190Z  INFO tailwindcss_oxide::scanner: Optimized sources:
2025-11-09T17:14:42.136202Z  INFO tailwindcss_oxide::scanner: Source: Auto { base: "/Users/salscodesvkm/vkm/catfish-landing" }
2025-11-09T17:14:42.138149Z  INFO get_files: tailwindcss_oxide::scanner: enter
2025-11-09T17:14:42.138177Z  INFO get_files:scan_sources: tailwindcss_oxide::scanner: enter
2025-11-09T17:14:42.139008Z  INFO get_files:scan_sources: tailwindcss_oxide::scanner: Discovering "/Users/salscodesvkm/vkm/catfish-landing/app"
2025-11-09T17:14:42.139107Z  INFO get_files:scan_sources: tailwindcss_oxide::scanner: Discovering "/Users/salscodesvkm/vkm/catfish-landing/app/(main)"
2025-11-09T17:14:42.139176Z  INFO get_files:scan_sources: tailwindcss_oxide::scanner: Discovering "/Users/salscodesvkm/vkm/catfish-landing/app/(main)/layout.tsx"
2025-11-09T17:14:42.139211Z  INFO get_files:scan_sources: tailwindcss_oxide::scanner: Discovering "/Users/salscodesvkm/vkm/catfish-landing/app/(main)/page.tsx"
2025-11-09T17:14:42.139255Z  INFO get_files:scan_sources: tailwindcss_oxide::scanner: Discovering "/Users/salscodesvkm/vkm/catfish-landing/app/globals.css"
2025-11-09T17:14:42.139298Z  INFO get_files:scan_sources: tailwindcss_oxide::scanner: Discovering "/Users/salscodesvkm/vkm/catfish-landing/postcss.config.mjs"
2025-11-09T17:14:42.139381Z  INFO get_files:scan_sources: tailwindcss_oxide::scanner: Discovering "/Users/salscodesvkm/vkm/catfish-landing/utils.ts"
2025-11-09T17:14:42.139467Z  INFO get_files:scan_sources: tailwindcss_oxide::scanner: Discovering "/Users/salscodesvkm/vkm/catfish-landing/README.md"
2025-11-09T17:14:42.139515Z  INFO get_files:scan_sources: tailwindcss_oxide::scanner: Discovering "/Users/salscodesvkm/vkm/catfish-landing/components"
2025-11-09T17:14:42.139588Z  INFO get_files:scan_sources: tailwindcss_oxide::scanner: Discovering "/Users/salscodesvkm/vkm/catfish-landing/components/ui"
2025-11-09T17:14:42.139660Z  INFO get_files:scan_sources: tailwindcss_oxide::scanner: Discovering "/Users/salscodesvkm/vkm/catfish-landing/components/ui/card.tsx"
2025-11-09T17:14:42.139693Z  INFO get_files:scan_sources: tailwindcss_oxide::scanner: Discovering "/Users/salscodesvkm/vkm/catfish-landing/components/ui/accordion.tsx"
2025-11-09T17:14:42.139723Z  INFO get_files:scan_sources: tailwindcss_oxide::scanner: Discovering "/Users/salscodesvkm/vkm/catfish-landing/components/ui/separator.tsx"
2025-11-09T17:14:42.139756Z  INFO get_files:scan_sources: tailwindcss_oxide::scanner: Discovering "/Users/salscodesvkm/vkm/catfish-landing/components/ui/button.tsx"
2025-11-09T17:14:42.139819Z  INFO get_files:scan_sources: tailwindcss_oxide::scanner: Discovering "/Users/salscodesvkm/vkm/catfish-landing/components/shared"
2025-11-09T17:14:42.139886Z  INFO get_files:scan_sources: tailwindcss_oxide::scanner: Discovering "/Users/salscodesvkm/vkm/catfish-landing/components/shared/hero.tsx"
2025-11-09T17:14:42.139922Z  INFO get_files:scan_sources: tailwindcss_oxide::scanner: Discovering "/Users/salscodesvkm/vkm/catfish-landing/components/shared/navbar.tsx"
2025-11-09T17:14:42.139979Z  INFO get_files:scan_sources: tailwindcss_oxide::scanner: Discovering "/Users/salscodesvkm/vkm/catfish-landing/components/shared/footer.tsx"
2025-11-09T17:14:42.140067Z  INFO get_files:scan_sources: tailwindcss_oxide::scanner: Discovering "/Users/salscodesvkm/vkm/catfish-landing/components/shared/faq.tsx"
2025-11-09T17:14:42.140144Z  INFO get_files:scan_sources: tailwindcss_oxide::scanner: Discovering "/Users/salscodesvkm/vkm/catfish-landing/components/layouts"
2025-11-09T17:14:42.140228Z  INFO get_files:scan_sources: tailwindcss_oxide::scanner: Discovering "/Users/salscodesvkm/vkm/catfish-landing/components/layouts/flex-box.tsx"
2025-11-09T17:14:42.140293Z  INFO get_files:scan_sources: tailwindcss_oxide::scanner: Discovering "/Users/salscodesvkm/vkm/catfish-landing/public"
2025-11-09T17:14:42.140385Z  INFO get_files:scan_sources: tailwindcss_oxide::scanner: Discovering "/Users/salscodesvkm/vkm/catfish-landing/public/file.svg"
2025-11-09T17:14:42.140500Z  INFO get_files:scan_sources: tailwindcss_oxide::scanner: Discovering "/Users/salscodesvkm/vkm/catfish-landing/public/vercel.svg"
2025-11-09T17:14:42.140535Z  INFO get_files:scan_sources: tailwindcss_oxide::scanner: Discovering "/Users/salscodesvkm/vkm/catfish-landing/public/next.svg"
2025-11-09T17:14:42.140571Z  INFO get_files:scan_sources: tailwindcss_oxide::scanner: Discovering "/Users/salscodesvkm/vkm/catfish-landing/public/globe.svg"
2025-11-09T17:14:42.140620Z  INFO get_files:scan_sources: tailwindcss_oxide::scanner: Discovering "/Users/salscodesvkm/vkm/catfish-landing/public/assets"
2025-11-09T17:14:42.140709Z  INFO get_files:scan_sources: tailwindcss_oxide::scanner: Discovering "/Users/salscodesvkm/vkm/catfish-landing/public/assets/acp.svg"
2025-11-09T17:14:42.140740Z  INFO get_files:scan_sources: tailwindcss_oxide::scanner: Discovering "/Users/salscodesvkm/vkm/catfish-landing/public/assets/rectangle.svg"
2025-11-09T17:14:42.140768Z  INFO get_files:scan_sources: tailwindcss_oxide::scanner: Discovering "/Users/salscodesvkm/vkm/catfish-landing/public/assets/catfish_dashboard.svg"
2025-11-09T17:14:42.140795Z  INFO get_files:scan_sources: tailwindcss_oxide::scanner: Discovering "/Users/salscodesvkm/vkm/catfish-landing/public/assets/key_feat.svg"
2025-11-09T17:14:42.140822Z  INFO get_files:scan_sources: tailwindcss_oxide::scanner: Discovering "/Users/salscodesvkm/vkm/catfish-landing/public/assets/german.svg"
2025-11-09T17:14:42.140850Z  INFO get_files:scan_sources: tailwindcss_oxide::scanner: Discovering "/Users/salscodesvkm/vkm/catfish-landing/public/assets/fao.svg"
2025-11-09T17:14:42.140880Z  INFO get_files:scan_sources: tailwindcss_oxide::scanner: Discovering "/Users/salscodesvkm/vkm/catfish-landing/public/assets/manage_farm_section.svg"
2025-11-09T17:14:42.140906Z  INFO get_files:scan_sources: tailwindcss_oxide::scanner: Discovering "/Users/salscodesvkm/vkm/catfish-landing/public/assets/record.svg"
2025-11-09T17:14:42.140932Z  INFO get_files:scan_sources: tailwindcss_oxide::scanner: Discovering "/Users/salscodesvkm/vkm/catfish-landing/public/assets/donut.svg"
2025-11-09T17:14:42.140960Z  INFO get_files:scan_sources: tailwindcss_oxide::scanner: Discovering "/Users/salscodesvkm/vkm/catfish-landing/public/assets/app_store.svg"
2025-11-09T17:14:42.140988Z  INFO get_files:scan_sources: tailwindcss_oxide::scanner: Discovering "/Users/salscodesvkm/vkm/catfish-landing/public/assets/catfish_dash.svg"
2025-11-09T17:14:42.141014Z  INFO get_files:scan_sources: tailwindcss_oxide::scanner: Discovering "/Users/salscodesvkm/vkm/catfish-landing/public/assets/play_store.svg"
2025-11-09T17:14:42.141045Z  INFO get_files:scan_sources: tailwindcss_oxide::scanner: Discovering "/Users/salscodesvkm/vkm/catfish-landing/public/assets/feat.svg"
2025-11-09T17:14:42.141073Z  INFO get_files:scan_sources: tailwindcss_oxide::scanner: Discovering "/Users/salscodesvkm/vkm/catfish-landing/public/assets/Frame 1618869453.svg"
2025-11-09T17:14:42.141101Z  INFO get_files:scan_sources: tailwindcss_oxide::scanner: Discovering "/Users/salscodesvkm/vkm/catfish-landing/public/assets/eu.svg"
2025-11-09T17:14:42.141128Z  INFO get_files:scan_sources: tailwindcss_oxide::scanner: Discovering "/Users/salscodesvkm/vkm/catfish-landing/public/assets/logo.svg"
2025-11-09T17:14:42.141154Z  INFO get_files:scan_sources: tailwindcss_oxide::scanner: Discovering "/Users/salscodesvkm/vkm/catfish-landing/public/assets/mobile_app.svg"
2025-11-09T17:14:42.141178Z  INFO get_files:scan_sources: tailwindcss_oxide::scanner: Discovering "/Users/salscodesvkm/vkm/catfish-landing/public/assets/drop.svg"
2025-11-09T17:14:42.141213Z  INFO get_files:scan_sources: tailwindcss_oxide::scanner: Discovering "/Users/salscodesvkm/vkm/catfish-landing/public/window.svg"
2025-11-09T17:14:42.141274Z  INFO get_files:scan_sources: tailwindcss_oxide::scanner: Discovering "/Users/salscodesvkm/vkm/catfish-landing/package.json"
2025-11-09T17:14:42.141344Z  INFO get_files:scan_sources: tailwindcss_oxide::scanner: Discovering "/Users/salscodesvkm/vkm/catfish-landing/lib"
2025-11-09T17:14:42.141405Z  INFO get_files:scan_sources: tailwindcss_oxide::scanner: Discovering "/Users/salscodesvkm/vkm/catfish-landing/lib/utils.ts"
2025-11-09T17:14:42.141436Z  INFO get_files:scan_sources: tailwindcss_oxide::scanner: Discovering "/Users/salscodesvkm/vkm/catfish-landing/components.json"
2025-11-09T17:14:42.141462Z  INFO get_files:scan_sources: tailwindcss_oxide::scanner: Discovering "/Users/salscodesvkm/vkm/catfish-landing/tsconfig.json"
2025-11-09T17:14:42.141574Z  INFO get_files:scan_sources: tailwindcss_oxide::scanner: Discovering "/Users/salscodesvkm/vkm/catfish-landing/.vscode"
2025-11-09T17:14:42.141638Z  INFO get_files:scan_sources: tailwindcss_oxide::scanner: Discovering "/Users/salscodesvkm/vkm/catfish-landing/.vscode/settings.json"
2025-11-09T17:14:42.141671Z  INFO get_files:scan_sources: tailwindcss_oxide::scanner: Discovering "/Users/salscodesvkm/vkm/catfish-landing/eslint.config.mjs"
2025-11-09T17:14:42.141696Z  INFO get_files:scan_sources: tailwindcss_oxide::scanner: Discovering "/Users/salscodesvkm/vkm/catfish-landing/next.config.ts"
2025-11-09T17:14:42.141768Z  INFO get_files:scan_sources: tailwindcss_oxide::scanner: exit
2025-11-09T17:14:42.142185Z  INFO get_files: tailwindcss_oxide::scanner: exit
2025-11-09T17:14:42.142248Z  INFO get_globs: tailwindcss_oxide::scanner: enter
2025-11-09T17:14:42.142259Z  INFO get_globs:scan_sources: tailwindcss_oxide::scanner: enter
2025-11-09T17:14:42.142945Z  INFO get_globs:scan_sources: tailwindcss_oxide::scanner: Discovering "/Users/salscodesvkm/vkm/catfish-landing/app"
2025-11-09T17:14:42.143035Z  INFO get_globs:scan_sources: tailwindcss_oxide::scanner: Discovering "/Users/salscodesvkm/vkm/catfish-landing/app/(main)"
2025-11-09T17:14:42.143309Z  INFO get_globs:scan_sources: tailwindcss_oxide::scanner: Discovering "/Users/salscodesvkm/vkm/catfish-landing/components"
2025-11-09T17:14:42.143383Z  INFO get_globs:scan_sources: tailwindcss_oxide::scanner: Discovering "/Users/salscodesvkm/vkm/catfish-landing/components/ui"
2025-11-09T17:14:42.143518Z  INFO get_globs:scan_sources: tailwindcss_oxide::scanner: Discovering "/Users/salscodesvkm/vkm/catfish-landing/components/shared"
2025-11-09T17:14:42.143637Z  INFO get_globs:scan_sources: tailwindcss_oxide::scanner: Discovering "/Users/salscodesvkm/vkm/catfish-landing/components/layouts"
2025-11-09T17:14:42.143720Z  INFO get_globs:scan_sources: tailwindcss_oxide::scanner: Discovering "/Users/salscodesvkm/vkm/catfish-landing/public"
2025-11-09T17:14:42.143840Z  INFO get_globs:scan_sources: tailwindcss_oxide::scanner: Discovering "/Users/salscodesvkm/vkm/catfish-landing/public/assets"
2025-11-09T17:14:42.144158Z  INFO get_globs:scan_sources: tailwindcss_oxide::scanner: Discovering "/Users/salscodesvkm/vkm/catfish-landing/lib"
2025-11-09T17:14:42.144300Z  INFO get_globs:scan_sources: tailwindcss_oxide::scanner: Discovering "/Users/salscodesvkm/vkm/catfish-landing/.vscode"
2025-11-09T17:14:42.144408Z  INFO get_globs:scan_sources: tailwindcss_oxide::scanner: exit
2025-11-09T17:14:42.147483Z  INFO get_globs: tailwindcss_oxide::scanner: exit
