2025-10-30T12:00:38.278901Z  INFO tailwindcss_oxide::scanner: Provided sources:
2025-10-30T12:00:38.279466Z  INFO tailwindcss_oxide::scanner: Source: PublicSourceEntry { base: "/Users/salscodes/vkm/catfish-landing", pattern: "**/*", negated: false }
2025-10-30T12:00:38.280166Z  INFO tailwindcss_oxide::scanner: Optimized sources:
2025-10-30T12:00:38.280192Z  INFO tailwindcss_oxide::scanner: Source: Auto { base: "/Users/salscodes/vkm/catfish-landing" }
2025-10-30T12:00:38.506216Z  INFO get_files: tailwindcss_oxide::scanner: enter
2025-10-30T12:00:38.506265Z  INFO get_files:scan_sources: tailwindcss_oxide::scanner: enter
2025-10-30T12:00:38.523311Z  INFO get_files:scan_sources: tailwindcss_oxide::scanner: Discovering "/Users/salscodes/vkm/catfish-landing/tailwind.config.js"
2025-10-30T12:00:38.523439Z  INFO get_files:scan_sources: tailwindcss_oxide::scanner: Discovering "/Users/salscodes/vkm/catfish-landing/app"
2025-10-30T12:00:38.523570Z  INFO get_files:scan_sources: tailwindcss_oxide::scanner: Discovering "/Users/salscodes/vkm/catfish-landing/app/(main)"
2025-10-30T12:00:38.523664Z  INFO get_files:scan_sources: tailwindcss_oxide::scanner: Discovering "/Users/salscodes/vkm/catfish-landing/app/(main)/layout.tsx"
2025-10-30T12:00:38.523702Z  INFO get_files:scan_sources: tailwindcss_oxide::scanner: Discovering "/Users/salscodes/vkm/catfish-landing/app/(main)/page.tsx"
2025-10-30T12:00:38.524038Z  INFO get_files:scan_sources: tailwindcss_oxide::scanner: Discovering "/Users/salscodes/vkm/catfish-landing/app/globals.css"
2025-10-30T12:00:38.524106Z  INFO get_files:scan_sources: tailwindcss_oxide::scanner: Discovering "/Users/salscodes/vkm/catfish-landing/postcss.config.mjs"
2025-10-30T12:00:38.524291Z  INFO get_files:scan_sources: tailwindcss_oxide::scanner: Discovering "/Users/salscodes/vkm/catfish-landing/utils.ts"
2025-10-30T12:00:38.524422Z  INFO get_files:scan_sources: tailwindcss_oxide::scanner: Discovering "/Users/salscodes/vkm/catfish-landing/README.md"
2025-10-30T12:00:38.524520Z  INFO get_files:scan_sources: tailwindcss_oxide::scanner: Discovering "/Users/salscodes/vkm/catfish-landing/components"
2025-10-30T12:00:38.524688Z  INFO get_files:scan_sources: tailwindcss_oxide::scanner: Discovering "/Users/salscodes/vkm/catfish-landing/components/shared"
2025-10-30T12:00:38.525219Z  INFO get_files:scan_sources: tailwindcss_oxide::scanner: Discovering "/Users/salscodes/vkm/catfish-landing/components/shared/navbar.tsx"
2025-10-30T12:00:38.525325Z  INFO get_files:scan_sources: tailwindcss_oxide::scanner: Discovering "/Users/salscodes/vkm/catfish-landing/components/shared/footer.tsx"
2025-10-30T12:00:38.525667Z  INFO get_files:scan_sources: tailwindcss_oxide::scanner: Discovering "/Users/salscodes/vkm/catfish-landing/components/layouts"
2025-10-30T12:00:38.525765Z  INFO get_files:scan_sources: tailwindcss_oxide::scanner: Discovering "/Users/salscodes/vkm/catfish-landing/components/layouts/flex-box.tsx"
2025-10-30T12:00:38.525867Z  INFO get_files:scan_sources: tailwindcss_oxide::scanner: Discovering "/Users/salscodes/vkm/catfish-landing/public"
2025-10-30T12:00:38.525987Z  INFO get_files:scan_sources: tailwindcss_oxide::scanner: Discovering "/Users/salscodes/vkm/catfish-landing/public/file.svg"
2025-10-30T12:00:38.526046Z  INFO get_files:scan_sources: tailwindcss_oxide::scanner: Discovering "/Users/salscodes/vkm/catfish-landing/public/vercel.svg"
2025-10-30T12:00:38.526097Z  INFO get_files:scan_sources: tailwindcss_oxide::scanner: Discovering "/Users/salscodes/vkm/catfish-landing/public/next.svg"
2025-10-30T12:00:38.526139Z  INFO get_files:scan_sources: tailwindcss_oxide::scanner: Discovering "/Users/salscodes/vkm/catfish-landing/public/globe.svg"
2025-10-30T12:00:38.526195Z  INFO get_files:scan_sources: tailwindcss_oxide::scanner: Discovering "/Users/salscodes/vkm/catfish-landing/public/assets"
2025-10-30T12:00:38.526289Z  INFO get_files:scan_sources: tailwindcss_oxide::scanner: Discovering "/Users/salscodes/vkm/catfish-landing/public/assets/logo.svg"
2025-10-30T12:00:38.526350Z  INFO get_files:scan_sources: tailwindcss_oxide::scanner: Discovering "/Users/salscodes/vkm/catfish-landing/public/window.svg"
2025-10-30T12:00:38.526473Z  INFO get_files:scan_sources: tailwindcss_oxide::scanner: Discovering "/Users/salscodes/vkm/catfish-landing/package.json"
2025-10-30T12:00:38.526527Z  INFO get_files:scan_sources: tailwindcss_oxide::scanner: Discovering "/Users/salscodes/vkm/catfish-landing/lib"
2025-10-30T12:00:38.526622Z  INFO get_files:scan_sources: tailwindcss_oxide::scanner: Discovering "/Users/salscodes/vkm/catfish-landing/tsconfig.json"
2025-10-30T12:00:38.526686Z  INFO get_files:scan_sources: tailwindcss_oxide::scanner: Discovering "/Users/salscodes/vkm/catfish-landing/.vscode"
2025-10-30T12:00:38.526751Z  INFO get_files:scan_sources: tailwindcss_oxide::scanner: Discovering "/Users/salscodes/vkm/catfish-landing/.vscode/settings.json"
2025-10-30T12:00:38.526805Z  INFO get_files:scan_sources: tailwindcss_oxide::scanner: Discovering "/Users/salscodes/vkm/catfish-landing/eslint.config.mjs"
2025-10-30T12:00:38.526840Z  INFO get_files:scan_sources: tailwindcss_oxide::scanner: Discovering "/Users/salscodes/vkm/catfish-landing/next.config.ts"
2025-10-30T12:00:38.527198Z  INFO get_files:scan_sources: tailwindcss_oxide::scanner: exit
2025-10-30T12:00:38.565971Z  INFO get_files: tailwindcss_oxide::scanner: exit
2025-10-30T12:00:38.588338Z  INFO get_globs: tailwindcss_oxide::scanner: enter
2025-10-30T12:00:38.588377Z  INFO get_globs:scan_sources: tailwindcss_oxide::scanner: enter
2025-10-30T12:00:38.598877Z  INFO get_globs:scan_sources: tailwindcss_oxide::scanner: Discovering "/Users/salscodes/vkm/catfish-landing/app"
2025-10-30T12:00:38.599382Z  INFO get_globs:scan_sources: tailwindcss_oxide::scanner: Discovering "/Users/salscodes/vkm/catfish-landing/app/(main)"
2025-10-30T12:00:38.600239Z  INFO get_globs:scan_sources: tailwindcss_oxide::scanner: Discovering "/Users/salscodes/vkm/catfish-landing/components"
2025-10-30T12:00:38.600347Z  INFO get_globs:scan_sources: tailwindcss_oxide::scanner: Discovering "/Users/salscodes/vkm/catfish-landing/components/shared"
2025-10-30T12:00:38.600514Z  INFO get_globs:scan_sources: tailwindcss_oxide::scanner: Discovering "/Users/salscodes/vkm/catfish-landing/components/layouts"
2025-10-30T12:00:38.600681Z  INFO get_globs:scan_sources: tailwindcss_oxide::scanner: Discovering "/Users/salscodes/vkm/catfish-landing/public"
2025-10-30T12:00:38.600861Z  INFO get_globs:scan_sources: tailwindcss_oxide::scanner: Discovering "/Users/salscodes/vkm/catfish-landing/public/assets"
2025-10-30T12:00:38.601024Z  INFO get_globs:scan_sources: tailwindcss_oxide::scanner: Discovering "/Users/salscodes/vkm/catfish-landing/lib"
2025-10-30T12:00:38.601141Z  INFO get_globs:scan_sources: tailwindcss_oxide::scanner: Discovering "/Users/salscodes/vkm/catfish-landing/.vscode"
2025-10-30T12:00:38.601666Z  INFO get_globs:scan_sources: tailwindcss_oxide::scanner: exit
2025-10-30T12:00:38.619519Z  INFO get_globs: tailwindcss_oxide::scanner: exit
