2026-01-23T11:02:22.421750Z  INFO tailwindcss_oxide::scanner: Provided sources:
2026-01-23T11:02:22.421896Z  INFO tailwindcss_oxide::scanner: Source: PublicSourceEntry { base: "/Users/salscodesvkm/vkm/catfish-landing", pattern: "**/*", negated: false }
2026-01-23T11:02:22.422678Z  INFO tailwindcss_oxide::scanner: Optimized sources:
2026-01-23T11:02:22.422703Z  INFO tailwindcss_oxide::scanner: Source: Auto { base: "/Users/salscodesvkm/vkm/catfish-landing" }
2026-01-23T11:02:22.427604Z  INFO get_files: tailwindcss_oxide::scanner: enter
2026-01-23T11:02:22.427655Z  INFO get_files:scan_sources: tailwindcss_oxide::scanner: enter
2026-01-23T11:02:22.429174Z  INFO get_files:scan_sources: tailwindcss_oxide::scanner: Discovering "/Users/salscodesvkm/vkm/catfish-landing/app"
2026-01-23T11:02:22.429322Z  INFO get_files:scan_sources: tailwindcss_oxide::scanner: Discovering "/Users/salscodesvkm/vkm/catfish-landing/app/features"
2026-01-23T11:02:22.429397Z  INFO get_files:scan_sources: tailwindcss_oxide::scanner: Discovering "/Users/salscodesvkm/vkm/catfish-landing/app/features/page.tsx"
2026-01-23T11:02:22.429959Z  INFO get_files:scan_sources: tailwindcss_oxide::scanner: Discovering "/Users/salscodesvkm/vkm/catfish-landing/app/support"
2026-01-23T11:02:22.430031Z  INFO get_files:scan_sources: tailwindcss_oxide::scanner: Discovering "/Users/salscodesvkm/vkm/catfish-landing/app/support/page.tsx"
2026-01-23T11:02:22.430088Z  INFO get_files:scan_sources: tailwindcss_oxide::scanner: Discovering "/Users/salscodesvkm/vkm/catfish-landing/app/layout.tsx"
2026-01-23T11:02:22.430164Z  INFO get_files:scan_sources: tailwindcss_oxide::scanner: Discovering "/Users/salscodesvkm/vkm/catfish-landing/app/(main)"
2026-01-23T11:02:22.430265Z  INFO get_files:scan_sources: tailwindcss_oxide::scanner: Discovering "/Users/salscodesvkm/vkm/catfish-landing/app/(main)/components"
2026-01-23T11:02:22.430341Z  INFO get_files:scan_sources: tailwindcss_oxide::scanner: Discovering "/Users/salscodesvkm/vkm/catfish-landing/app/(main)/components/slider.tsx"
2026-01-23T11:02:22.430374Z  INFO get_files:scan_sources: tailwindcss_oxide::scanner: Discovering "/Users/salscodesvkm/vkm/catfish-landing/app/(main)/components/feature-tabs.tsx"
2026-01-23T11:02:22.430431Z  INFO get_files:scan_sources: tailwindcss_oxide::scanner: Discovering "/Users/salscodesvkm/vkm/catfish-landing/app/(main)/page.tsx"
2026-01-23T11:02:22.430471Z  INFO get_files:scan_sources: tailwindcss_oxide::scanner: Discovering "/Users/salscodesvkm/vkm/catfish-landing/app/globals.css"
2026-01-23T11:02:22.430521Z  INFO get_files:scan_sources: tailwindcss_oxide::scanner: Discovering "/Users/salscodesvkm/vkm/catfish-landing/postcss.config.mjs"
2026-01-23T11:02:22.430654Z  INFO get_files:scan_sources: tailwindcss_oxide::scanner: Discovering "/Users/salscodesvkm/vkm/catfish-landing/utils.ts"
2026-01-23T11:02:22.430753Z  INFO get_files:scan_sources: tailwindcss_oxide::scanner: Discovering "/Users/salscodesvkm/vkm/catfish-landing/README.md"
2026-01-23T11:02:22.430811Z  INFO get_files:scan_sources: tailwindcss_oxide::scanner: Discovering "/Users/salscodesvkm/vkm/catfish-landing/components"
2026-01-23T11:02:22.430911Z  INFO get_files:scan_sources: tailwindcss_oxide::scanner: Discovering "/Users/salscodesvkm/vkm/catfish-landing/components/ui"
2026-01-23T11:02:22.430973Z  INFO get_files:scan_sources: tailwindcss_oxide::scanner: Discovering "/Users/salscodesvkm/vkm/catfish-landing/components/ui/card.tsx"
2026-01-23T11:02:22.431004Z  INFO get_files:scan_sources: tailwindcss_oxide::scanner: Discovering "/Users/salscodesvkm/vkm/catfish-landing/components/ui/accordion.tsx"
2026-01-23T11:02:22.431031Z  INFO get_files:scan_sources: tailwindcss_oxide::scanner: Discovering "/Users/salscodesvkm/vkm/catfish-landing/components/ui/separator.tsx"
2026-01-23T11:02:22.431063Z  INFO get_files:scan_sources: tailwindcss_oxide::scanner: Discovering "/Users/salscodesvkm/vkm/catfish-landing/components/ui/button.tsx"
2026-01-23T11:02:22.431092Z  INFO get_files:scan_sources: tailwindcss_oxide::scanner: Discovering "/Users/salscodesvkm/vkm/catfish-landing/components/ui/carousel.tsx"
2026-01-23T11:02:22.431164Z  INFO get_files:scan_sources: tailwindcss_oxide::scanner: Discovering "/Users/salscodesvkm/vkm/catfish-landing/components/shared"
2026-01-23T11:02:22.431223Z  INFO get_files:scan_sources: tailwindcss_oxide::scanner: Discovering "/Users/salscodesvkm/vkm/catfish-landing/components/shared/hero.tsx"
2026-01-23T11:02:22.431253Z  INFO get_files:scan_sources: tailwindcss_oxide::scanner: Discovering "/Users/salscodesvkm/vkm/catfish-landing/components/shared/navbar.tsx"
2026-01-23T11:02:22.431279Z  INFO get_files:scan_sources: tailwindcss_oxide::scanner: Discovering "/Users/salscodesvkm/vkm/catfish-landing/components/shared/farm-slider.tsx"
2026-01-23T11:02:22.431312Z  INFO get_files:scan_sources: tailwindcss_oxide::scanner: Discovering "/Users/salscodesvkm/vkm/catfish-landing/components/shared/footer.tsx"
2026-01-23T11:02:22.431340Z  INFO get_files:scan_sources: tailwindcss_oxide::scanner: Discovering "/Users/salscodesvkm/vkm/catfish-landing/components/shared/faq.tsx"
2026-01-23T11:02:22.431414Z  INFO get_files:scan_sources: tailwindcss_oxide::scanner: Discovering "/Users/salscodesvkm/vkm/catfish-landing/components/layouts"
2026-01-23T11:02:22.431466Z  INFO get_files:scan_sources: tailwindcss_oxide::scanner: Discovering "/Users/salscodesvkm/vkm/catfish-landing/components/layouts/flex-box.tsx"
2026-01-23T11:02:22.431546Z  INFO get_files:scan_sources: tailwindcss_oxide::scanner: Discovering "/Users/salscodesvkm/vkm/catfish-landing/public"
2026-01-23T11:02:22.431614Z  INFO get_files:scan_sources: tailwindcss_oxide::scanner: Discovering "/Users/salscodesvkm/vkm/catfish-landing/public/file.svg"
2026-01-23T11:02:22.431643Z  INFO get_files:scan_sources: tailwindcss_oxide::scanner: Discovering "/Users/salscodesvkm/vkm/catfish-landing/public/vercel.svg"
2026-01-23T11:02:22.431669Z  INFO get_files:scan_sources: tailwindcss_oxide::scanner: Discovering "/Users/salscodesvkm/vkm/catfish-landing/public/next.svg"
2026-01-23T11:02:22.431701Z  INFO get_files:scan_sources: tailwindcss_oxide::scanner: Discovering "/Users/salscodesvkm/vkm/catfish-landing/public/globe.svg"
2026-01-23T11:02:22.431774Z  INFO get_files:scan_sources: tailwindcss_oxide::scanner: Discovering "/Users/salscodesvkm/vkm/catfish-landing/public/assets"
2026-01-23T11:02:22.431875Z  INFO get_files:scan_sources: tailwindcss_oxide::scanner: Discovering "/Users/salscodesvkm/vkm/catfish-landing/public/assets/acp.svg"
2026-01-23T11:02:22.431902Z  INFO get_files:scan_sources: tailwindcss_oxide::scanner: Discovering "/Users/salscodesvkm/vkm/catfish-landing/public/assets/contact.svg"
2026-01-23T11:02:22.431927Z  INFO get_files:scan_sources: tailwindcss_oxide::scanner: Discovering "/Users/salscodesvkm/vkm/catfish-landing/public/assets/appstore.svg"
2026-01-23T11:02:22.431973Z  INFO get_files:scan_sources: tailwindcss_oxide::scanner: Discovering "/Users/salscodesvkm/vkm/catfish-landing/public/assets/rectangle.svg"
2026-01-23T11:02:22.432004Z  INFO get_files:scan_sources: tailwindcss_oxide::scanner: Discovering "/Users/salscodesvkm/vkm/catfish-landing/public/assets/catfish_dashboard.svg"
2026-01-23T11:02:22.432030Z  INFO get_files:scan_sources: tailwindcss_oxide::scanner: Discovering "/Users/salscodesvkm/vkm/catfish-landing/public/assets/key_feat.svg"
2026-01-23T11:02:22.432058Z  INFO get_files:scan_sources: tailwindcss_oxide::scanner: Discovering "/Users/salscodesvkm/vkm/catfish-landing/public/assets/german.svg"
2026-01-23T11:02:22.432091Z  INFO get_files:scan_sources: tailwindcss_oxide::scanner: Discovering "/Users/salscodesvkm/vkm/catfish-landing/public/assets/after.svg"
2026-01-23T11:02:22.432118Z  INFO get_files:scan_sources: tailwindcss_oxide::scanner: Discovering "/Users/salscodesvkm/vkm/catfish-landing/public/assets/farm_setup.svg"
2026-01-23T11:02:22.432143Z  INFO get_files:scan_sources: tailwindcss_oxide::scanner: Discovering "/Users/salscodesvkm/vkm/catfish-landing/public/assets/fao.svg"
2026-01-23T11:02:22.432175Z  INFO get_files:scan_sources: tailwindcss_oxide::scanner: Discovering "/Users/salscodesvkm/vkm/catfish-landing/public/assets/manage_farm_section.svg"
2026-01-23T11:02:22.432214Z  INFO get_files:scan_sources: tailwindcss_oxide::scanner: Discovering "/Users/salscodesvkm/vkm/catfish-landing/public/assets/record.svg"
2026-01-23T11:02:22.432239Z  INFO get_files:scan_sources: tailwindcss_oxide::scanner: Discovering "/Users/salscodesvkm/vkm/catfish-landing/public/assets/started.svg"
2026-01-23T11:02:22.432273Z  INFO get_files:scan_sources: tailwindcss_oxide::scanner: Discovering "/Users/salscodesvkm/vkm/catfish-landing/public/assets/feature_hero.svg"
2026-01-23T11:02:22.432299Z  INFO get_files:scan_sources: tailwindcss_oxide::scanner: Discovering "/Users/salscodesvkm/vkm/catfish-landing/public/assets/mobile_rectangle.svg"
2026-01-23T11:02:22.432325Z  INFO get_files:scan_sources: tailwindcss_oxide::scanner: Discovering "/Users/salscodesvkm/vkm/catfish-landing/public/assets/donut.svg"
2026-01-23T11:02:22.432350Z  INFO get_files:scan_sources: tailwindcss_oxide::scanner: Discovering "/Users/salscodesvkm/vkm/catfish-landing/public/assets/play.svg"
2026-01-23T11:02:22.432375Z  INFO get_files:scan_sources: tailwindcss_oxide::scanner: Discovering "/Users/salscodesvkm/vkm/catfish-landing/public/assets/app_store.svg"
2026-01-23T11:02:22.432399Z  INFO get_files:scan_sources: tailwindcss_oxide::scanner: Discovering "/Users/salscodesvkm/vkm/catfish-landing/public/assets/rec.svg"
2026-01-23T11:02:22.432423Z  INFO get_files:scan_sources: tailwindcss_oxide::scanner: Discovering "/Users/salscodesvkm/vkm/catfish-landing/public/assets/catfish_dash.svg"
2026-01-23T11:02:22.432447Z  INFO get_files:scan_sources: tailwindcss_oxide::scanner: Discovering "/Users/salscodesvkm/vkm/catfish-landing/public/assets/faq.svg"
2026-01-23T11:02:22.432471Z  INFO get_files:scan_sources: tailwindcss_oxide::scanner: Discovering "/Users/salscodesvkm/vkm/catfish-landing/public/assets/playstore.svg"
2026-01-23T11:02:22.432497Z  INFO get_files:scan_sources: tailwindcss_oxide::scanner: Discovering "/Users/salscodesvkm/vkm/catfish-landing/public/assets/youtube.svg"
2026-01-23T11:02:22.432521Z  INFO get_files:scan_sources: tailwindcss_oxide::scanner: Discovering "/Users/salscodesvkm/vkm/catfish-landing/public/assets/linechart.svg"
2026-01-23T11:02:22.432545Z  INFO get_files:scan_sources: tailwindcss_oxide::scanner: Discovering "/Users/salscodesvkm/vkm/catfish-landing/public/assets/play_store.svg"
2026-01-23T11:02:22.432569Z  INFO get_files:scan_sources: tailwindcss_oxide::scanner: Discovering "/Users/salscodesvkm/vkm/catfish-landing/public/assets/feat.svg"
2026-01-23T11:02:22.432595Z  INFO get_files:scan_sources: tailwindcss_oxide::scanner: Discovering "/Users/salscodesvkm/vkm/catfish-landing/public/assets/Frame 1618869453.svg"
2026-01-23T11:02:22.432619Z  INFO get_files:scan_sources: tailwindcss_oxide::scanner: Discovering "/Users/salscodesvkm/vkm/catfish-landing/public/assets/support_hero_img.svg"
2026-01-23T11:02:22.432643Z  INFO get_files:scan_sources: tailwindcss_oxide::scanner: Discovering "/Users/salscodesvkm/vkm/catfish-landing/public/assets/ai_insight.svg"
2026-01-23T11:02:22.432668Z  INFO get_files:scan_sources: tailwindcss_oxide::scanner: Discovering "/Users/salscodesvkm/vkm/catfish-landing/public/assets/eu.svg"
2026-01-23T11:02:22.432691Z  INFO get_files:scan_sources: tailwindcss_oxide::scanner: Discovering "/Users/salscodesvkm/vkm/catfish-landing/public/assets/logo.svg"
2026-01-23T11:02:22.432727Z  INFO get_files:scan_sources: tailwindcss_oxide::scanner: Discovering "/Users/salscodesvkm/vkm/catfish-landing/public/assets/slide_2.svg"
2026-01-23T11:02:22.432753Z  INFO get_files:scan_sources: tailwindcss_oxide::scanner: Discovering "/Users/salscodesvkm/vkm/catfish-landing/public/assets/mobile_app.svg"
2026-01-23T11:02:22.432777Z  INFO get_files:scan_sources: tailwindcss_oxide::scanner: Discovering "/Users/salscodesvkm/vkm/catfish-landing/public/assets/slide_3.svg"
2026-01-23T11:02:22.432802Z  INFO get_files:scan_sources: tailwindcss_oxide::scanner: Discovering "/Users/salscodesvkm/vkm/catfish-landing/public/assets/drop.svg"
2026-01-23T11:02:22.432827Z  INFO get_files:scan_sources: tailwindcss_oxide::scanner: Discovering "/Users/salscodesvkm/vkm/catfish-landing/public/assets/water_mark.svg"
2026-01-23T11:02:22.432865Z  INFO get_files:scan_sources: tailwindcss_oxide::scanner: Discovering "/Users/salscodesvkm/vkm/catfish-landing/public/assets/slide_1.svg"
2026-01-23T11:02:22.432896Z  INFO get_files:scan_sources: tailwindcss_oxide::scanner: Discovering "/Users/salscodesvkm/vkm/catfish-landing/public/window.svg"
2026-01-23T11:02:22.432963Z  INFO get_files:scan_sources: tailwindcss_oxide::scanner: Discovering "/Users/salscodesvkm/vkm/catfish-landing/package.json"
2026-01-23T11:02:22.433030Z  INFO get_files:scan_sources: tailwindcss_oxide::scanner: Discovering "/Users/salscodesvkm/vkm/catfish-landing/lib"
2026-01-23T11:02:22.433087Z  INFO get_files:scan_sources: tailwindcss_oxide::scanner: Discovering "/Users/salscodesvkm/vkm/catfish-landing/lib/utils.ts"
2026-01-23T11:02:22.433120Z  INFO get_files:scan_sources: tailwindcss_oxide::scanner: Discovering "/Users/salscodesvkm/vkm/catfish-landing/components.json"
2026-01-23T11:02:22.433146Z  INFO get_files:scan_sources: tailwindcss_oxide::scanner: Discovering "/Users/salscodesvkm/vkm/catfish-landing/tsconfig.json"
2026-01-23T11:02:22.433269Z  INFO get_files:scan_sources: tailwindcss_oxide::scanner: Discovering "/Users/salscodesvkm/vkm/catfish-landing/.vscode"
2026-01-23T11:02:22.433349Z  INFO get_files:scan_sources: tailwindcss_oxide::scanner: Discovering "/Users/salscodesvkm/vkm/catfish-landing/.vscode/settings.json"
2026-01-23T11:02:22.433389Z  INFO get_files:scan_sources: tailwindcss_oxide::scanner: Discovering "/Users/salscodesvkm/vkm/catfish-landing/eslint.config.mjs"
2026-01-23T11:02:22.433418Z  INFO get_files:scan_sources: tailwindcss_oxide::scanner: Discovering "/Users/salscodesvkm/vkm/catfish-landing/next.config.ts"
2026-01-23T11:02:22.434040Z  INFO get_files:scan_sources: tailwindcss_oxide::scanner: exit
2026-01-23T11:02:22.440780Z  INFO get_files: tailwindcss_oxide::scanner: exit
2026-01-23T11:02:22.440909Z  INFO get_globs: tailwindcss_oxide::scanner: enter
2026-01-23T11:02:22.440923Z  INFO get_globs:scan_sources: tailwindcss_oxide::scanner: enter
2026-01-23T11:02:22.441829Z  INFO get_globs:scan_sources: tailwindcss_oxide::scanner: Discovering "/Users/salscodesvkm/vkm/catfish-landing/app"
2026-01-23T11:02:22.441940Z  INFO get_globs:scan_sources: tailwindcss_oxide::scanner: Discovering "/Users/salscodesvkm/vkm/catfish-landing/app/features"
2026-01-23T11:02:22.442046Z  INFO get_globs:scan_sources: tailwindcss_oxide::scanner: Discovering "/Users/salscodesvkm/vkm/catfish-landing/app/support"
2026-01-23T11:02:22.442158Z  INFO get_globs:scan_sources: tailwindcss_oxide::scanner: Discovering "/Users/salscodesvkm/vkm/catfish-landing/app/(main)"
2026-01-23T11:02:22.442239Z  INFO get_globs:scan_sources: tailwindcss_oxide::scanner: Discovering "/Users/salscodesvkm/vkm/catfish-landing/app/(main)/components"
2026-01-23T11:02:22.442547Z  INFO get_globs:scan_sources: tailwindcss_oxide::scanner: Discovering "/Users/salscodesvkm/vkm/catfish-landing/components"
2026-01-23T11:02:22.442626Z  INFO get_globs:scan_sources: tailwindcss_oxide::scanner: Discovering "/Users/salscodesvkm/vkm/catfish-landing/components/ui"
2026-01-23T11:02:22.442790Z  INFO get_globs:scan_sources: tailwindcss_oxide::scanner: Discovering "/Users/salscodesvkm/vkm/catfish-landing/components/shared"
2026-01-23T11:02:22.442934Z  INFO get_globs:scan_sources: tailwindcss_oxide::scanner: Discovering "/Users/salscodesvkm/vkm/catfish-landing/components/layouts"
2026-01-23T11:02:22.443032Z  INFO get_globs:scan_sources: tailwindcss_oxide::scanner: Discovering "/Users/salscodesvkm/vkm/catfish-landing/public"
2026-01-23T11:02:22.443163Z  INFO get_globs:scan_sources: tailwindcss_oxide::scanner: Discovering "/Users/salscodesvkm/vkm/catfish-landing/public/assets"
2026-01-23T11:02:22.443735Z  INFO get_globs:scan_sources: tailwindcss_oxide::scanner: Discovering "/Users/salscodesvkm/vkm/catfish-landing/lib"
2026-01-23T11:02:22.443913Z  INFO get_globs:scan_sources: tailwindcss_oxide::scanner: Discovering "/Users/salscodesvkm/vkm/catfish-landing/.vscode"
2026-01-23T11:02:22.444090Z  INFO get_globs:scan_sources: tailwindcss_oxide::scanner: exit
2026-01-23T11:02:22.447830Z  INFO get_globs: tailwindcss_oxide::scanner: exit
